Entering world for aarch64:arm64
--- machine ---
machine -> /usr/src/sys/arm64/include
--- opt_acpi.h ---
--- opt_drm.h ---
--- opt_platform.h ---
--- opt_splash.h ---
--- opt_acpi.h ---
:> opt_acpi.h
--- opt_syscons.h ---
--- opt_drm.h ---
:> opt_drm.h
--- opt_teken.h ---
--- opt_splash.h ---
:> opt_splash.h
--- vnode_if_newproto.h ---
--- opt_syscons.h ---
:> opt_syscons.h
--- vnode_if_typedef.h ---
--- opt_global.h ---
--- opt_teken.h ---
:> opt_teken.h
--- acpi_if.h ---
--- vnode_if_newproto.h ---
awk -f /usr/src/sys/tools/vnode_if.awk /usr/src/sys/kern/vnode_if.src -p
--- vnode_if_typedef.h ---
awk -f /usr/src/sys/tools/vnode_if.awk /usr/src/sys/kern/vnode_if.src -q
--- opt_global.h ---
touch opt_global.h
--- acpi_if.h ---
awk -f /usr/src/sys/tools/makeobjops.awk /usr/src/sys/dev/acpica/acpi_if.m -h
--- bus_if.h ---
awk -f /usr/src/sys/tools/makeobjops.awk /usr/src/sys/kern/bus_if.m -h
--- fb_if.h ---
--- device_if.h ---
--- fb_if.h ---
awk -f /usr/src/sys/tools/makeobjops.awk /usr/src/sys/dev/fb/fb_if.m -h
--- device_if.h ---
awk -f /usr/src/sys/tools/makeobjops.awk /usr/src/sys/kern/device_if.m -h
--- pci_if.h ---
awk -f /usr/src/sys/tools/makeobjops.awk /usr/src/sys/dev/pci/pci_if.m -h
--- ofw_bus_if.h ---
awk -f /usr/src/sys/tools/makeobjops.awk /usr/src/sys/dev/ofw/ofw_bus_if.m -h
--- clknode_if.h ---
awk -f /usr/src/sys/tools/makeobjops.awk /usr/src/sys/dev/clk/clknode_if.m -h
--- vnode_if.h ---
awk -f /usr/src/sys/tools/vnode_if.awk /usr/src/sys/kern/vnode_if.src -h
--- vc4_drv.o ---
--- vc4_kms.o ---
--- vc4_crtc.o ---
--- vc4_hvs.o ---
--- vc4_drv.o ---
/usr/lib/llvm-19/bin/clang -target aarch64-unknown-freebsd15.1 --sysroot=/usr/obj/usr/src/arm64.aarch64/tmp -B/usr/obj/usr/src/arm64.aarch64/tmp/usr/bin  -O2 -pipe -fno-common  -fno-strict-aliasing -Werror -D_KERNEL -DKLD_MODULE -nostdinc   -include /tmp/drm-kmod/vc4_kms/opt_global.h -I. -I/usr/src/sys -I/usr/src/sys/contrib/ck/include -fno-common  -fno-omit-frame-pointer -mno-omit-leaf-frame-pointer -fPIC -ffile-prefix-map=/usr/src/sys=/usr/src/sys -ffile-prefix-map=/tmp/drm-kmod/vc4_kms=/usr/obj/usr/src/arm64.aarch64/sys/modules/vc4_kms -ffile-prefix-map=/usr/obj/usr/src/arm64.aarch64/tmp=/sysroot -fdebug-prefix-map=./machine=/usr/src/sys/arm64/include    -MD  -MF.depend.vc4_drv.o -MTvc4_drv.o -mgeneral-regs-only -ffixed-x18 -mbranch-protection=standard -mno-outline-atomics -ffreestanding -fwrapv -fstack-protector  -Wall -Wstrict-prototypes -Wmissing-prototypes -Wpointer-arith -Wcast-qual -Wundef -Wno-pointer-sign -D__printf__=__freebsd_kprintf__ -Wmissing-include-dirs -fdiagnostics-show-option -Wno-unknown--- vc4_kms.o ---
/usr/lib/llvm-19/bin/clang -target aarch64-unknown-freebsd15.1 --sysroot=/usr/obj/usr/src/arm64.aarch64/tmp -B/usr/obj/usr/src/arm64.aarch64/tmp/usr/bin  -O2 -pipe -fno-common  -fno-strict-aliasing -Werror -D_KERNEL -DKLD_MODULE -nostdinc   -include /tmp/drm-kmod/vc4_kms/opt_global.h -I. -I/usr/src/sys -I/usr/src/sys/contrib/ck/include -fno-common  -fno-omit-frame-pointer -mno-omit-leaf-frame-pointer -fPIC -ffile-prefix-map=/usr/src/sys=/usr/src/sys -ffile-prefix-map=/tmp/drm-kmod/vc4_kms=/usr/obj/usr/src/arm64.aarch64/sys/modules/vc4_kms -ffile-prefix-map=/usr/obj/usr/src/arm64.aarch64/tmp=/sysroot -fdebug-prefix-map=./machine=/usr/src/sys/arm64/include    -MD  -MF.depend.vc4_kms.o -MTvc4_kms.o -mgeneral-regs-only -ffixed-x18 -mbranch-protection=standard -mno-outline-atomics -ffreestanding -fwrapv -fstack-protector  -Wall -Wstrict-prototypes -Wmissing-prototypes -Wpointer-arith -Wcast-qual -Wundef -Wno-pointer-sign -D__printf__=__freebsd_kprintf__ -Wmissing-include-dirs -fdiagnostics-show-option -Wno-unknown--- vc4_drv.o ---
-pragmas -Wswitch -Wno-error=tautological-compare -Wno-error=empty-body -Wno-error=parentheses-equality -Wno-error=unused-function -Wno-error=pointer-sign -Wno-error=shift-negative-value -Wno-address-of-packed-member -Wno-format-zero-length -Wno-pointer-sign -Wno-pointer-arith -Wno-format -Wno-cast-qual -Wno-void-pointer-to-enum-cast     -std=gnu17 -DLINUXKPI_VERSION=61200 -include /usr/src/sys/compat/linuxkpi/common/include/linux/compiler_types.h -I/tmp/drm-kmod/linuxkpi/gplv2/include -I/tmp/drm-kmod/linuxkpi/bsd/include -I/usr/src/sys/compat/linuxkpi/common/include -I/usr/src/sys/compat/linuxkpi/dummy/include -I/tmp/drm-kmod/include -I/tmp/drm-kmod/include/drm -I/tmp/drm-kmod/include/uapi -I/tmp/drm-kmod/drivers/gpu -I/tmp/drm-kmod/drivers/gpu/drm/vc4 '-DKBUILD_MODNAME="vc4_kms"' '-DLINUXKPI_PARAM_PREFIX=vc4_kms_' -DDRM_SYSCTL_PARAM_PREFIX=_vc4_kms -DCONFIG_DRM_AMDGPU_CIK -DCONFIG_DRM_AMDGPU_SI -DCONFIG_DRM_AMD_DC -DCONFIG_DRM_AMD_DC_SI -DCONFIG_DRM_AMD_ISP -DCONFIG_AMD_PMC -DCONFIG_DRM_CLIENT_SETUP -DCONFI--- vc4_kms.o ---
-pragmas -Wswitch -Wno-error=tautological-compare -Wno-error=empty-body -Wno-error=parentheses-equality -Wno-error=unused-function -Wno-error=pointer-sign -Wno-error=shift-negative-value -Wno-address-of-packed-member -Wno-format-zero-length -Wno-pointer-sign -Wno-pointer-arith -Wno-format -Wno-cast-qual -Wno-void-pointer-to-enum-cast     -std=gnu17 -DLINUXKPI_VERSION=61200 -include /usr/src/sys/compat/linuxkpi/common/include/linux/compiler_types.h -I/tmp/drm-kmod/linuxkpi/gplv2/include -I/tmp/drm-kmod/linuxkpi/bsd/include -I/usr/src/sys/compat/linuxkpi/common/include -I/usr/src/sys/compat/linuxkpi/dummy/include -I/tmp/drm-kmod/include -I/tmp/drm-kmod/include/drm -I/tmp/drm-kmod/include/uapi -I/tmp/drm-kmod/drivers/gpu -I/tmp/drm-kmod/drivers/gpu/drm/vc4 '-DKBUILD_MODNAME="vc4_kms"' '-DLINUXKPI_PARAM_PREFIX=vc4_kms_' -DDRM_SYSCTL_PARAM_PREFIX=_vc4_kms -DCONFIG_DRM_AMDGPU_CIK -DCONFIG_DRM_AMDGPU_SI -DCONFIG_DRM_AMD_DC -DCONFIG_DRM_AMD_DC_SI -DCONFIG_DRM_AMD_ISP -DCONFIG_AMD_PMC -DCONFIG_DRM_CLIENT_SETUP -DCONFI--- vc4_drv.o ---
G_DRM_EXEC -DCONFIG_DRM_GPUVM -DCONFIG_DRM_PANIC -DCONFIG_DRM_PANIC_FOREGROUND_COLOR="0xffffff" -DCONFIG_DRM_PANIC_BACKGROUND_COLOR="0x000000" -DCONFIG_DRM_PANIC_SCREEN="\"user\"" -DCONFIG_DRM_I915_FORCE_PROBE='"*"' -DCONFIG_DRM_I915_REQUEST_TIMEOUT=20000 -DCONFIG_DRM_I915_CAPTURE_ERROR -DCONFIG_DRM_I915_USERFAULT_AUTOSUSPEND=250 -DCONFIG_DRM_I915_STOP_TIMEOUT=100 -DCONFIG_DRM_I915_PREEMPT_TIMEOUT=640 -DCONFIG_DRM_I915_PREEMPT_TIMEOUT_COMPUTE=7500 -DCONFIG_DRM_I915_HEARTBEAT_INTERVAL=2500 -DCONFIG_DRM_I915_TIMESLICE_DURATION=1 -DCONFIG_DRM_I915_MAX_REQUEST_BUSYWAIT=8000 -DCONFIG_DRM_I915_FENCE_TIMEOUT=10000 -DCONFIG_DRM_MIPI_DSI -DCONFIG_DRM_PANEL_ORIENTATION_QUIRKS -DCONFIG_DRM_DISPLAY_DP_TUNNEL -DCONFIG_DRM_I915_DP_TUNNEL -DCONFIG_APERTURE_HELPERS -DCONFIG_DRM_FBDEV_EMULATION -DCONFIG_DRM_FBDEV_OVERALLOC=100 -DCONFIG_ARCH_HAVE_NMI_SAFE_CMPXCHG -DCONFIG_BACKLIGHT_CLASS_DEVICE -DCONFIG_DEBUG_FS -DCONFIG_DMI -DCONFIG_FB -DCONFIG_MTRR -DCONFIG_PCI -DCONFIG_PM -DCONFIG_PM_SLEEP -DCONFIG_PROC_FS -DCONFIG_SMP -DCO--- vc4_kms.o ---
G_DRM_EXEC -DCONFIG_DRM_GPUVM -DCONFIG_DRM_PANIC -DCONFIG_DRM_PANIC_FOREGROUND_COLOR="0xffffff" -DCONFIG_DRM_PANIC_BACKGROUND_COLOR="0x000000" -DCONFIG_DRM_PANIC_SCREEN="\"user\"" -DCONFIG_DRM_I915_FORCE_PROBE='"*"' -DCONFIG_DRM_I915_REQUEST_TIMEOUT=20000 -DCONFIG_DRM_I915_CAPTURE_ERROR -DCONFIG_DRM_I915_USERFAULT_AUTOSUSPEND=250 -DCONFIG_DRM_I915_STOP_TIMEOUT=100 -DCONFIG_DRM_I915_PREEMPT_TIMEOUT=640 -DCONFIG_DRM_I915_PREEMPT_TIMEOUT_COMPUTE=7500 -DCONFIG_DRM_I915_HEARTBEAT_INTERVAL=2500 -DCONFIG_DRM_I915_TIMESLICE_DURATION=1 -DCONFIG_DRM_I915_MAX_REQUEST_BUSYWAIT=8000 -DCONFIG_DRM_I915_FENCE_TIMEOUT=10000 -DCONFIG_DRM_MIPI_DSI -DCONFIG_DRM_PANEL_ORIENTATION_QUIRKS -DCONFIG_DRM_DISPLAY_DP_TUNNEL -DCONFIG_DRM_I915_DP_TUNNEL -DCONFIG_APERTURE_HELPERS -DCONFIG_DRM_FBDEV_EMULATION -DCONFIG_DRM_FBDEV_OVERALLOC=100 -DCONFIG_ARCH_HAVE_NMI_SAFE_CMPXCHG -DCONFIG_BACKLIGHT_CLASS_DEVICE -DCONFIG_DEBUG_FS -DCONFIG_DMI -DCONFIG_FB -DCONFIG_MTRR -DCONFIG_PCI -DCONFIG_PM -DCONFIG_PM_SLEEP -DCONFIG_PROC_FS -DCONFIG_SMP -DCO--- vc4_drv.o ---
NFIG_SUSPEND -DCONFIG_VIDEO_CMDLINE -DCONFIG_64BIT -DCONFIG_ACPI -DCONFIG_ARM64 -DCONFIG_RASPBERRYPI_FIRMWARE=1 -DCONFIG_MMU=1 -include /tmp/drm-kmod/include/kunit/test-bug.h -ferror-limit=0 -c /tmp/drm-kmod/drivers/gpu/drm/vc4/vc4_drv.c -o vc4_drv.o
--- vc4_kms.o ---
NFIG_SUSPEND -DCONFIG_VIDEO_CMDLINE -DCONFIG_64BIT -DCONFIG_ACPI -DCONFIG_ARM64 -DCONFIG_RASPBERRYPI_FIRMWARE=1 -DCONFIG_MMU=1 -include /tmp/drm-kmod/include/kunit/test-bug.h -ferror-limit=0 -c /tmp/drm-kmod/drivers/gpu/drm/vc4/vc4_kms.c -o vc4_kms.o
--- vc4_crtc.o ---
/usr/lib/llvm-19/bin/clang -target aarch64-unknown-freebsd15.1 --sysroot=/usr/obj/usr/src/arm64.aarch64/tmp -B/usr/obj/usr/src/arm64.aarch64/tmp/usr/bin  -O2 -pipe -fno-common  -fno-strict-aliasing -Werror -D_KERNEL -DKLD_MODULE -nostdinc   -include /tmp/drm-kmod/vc4_kms/opt_global.h -I. -I/usr/src/sys -I/usr/src/sys/contrib/ck/include -fno-common  -fno-omit-frame-pointer -mno-omit-leaf-frame-pointer -fPIC -ffile-prefix-map=/usr/src/sys=/usr/src/sys -ffile-prefix-map=/tmp/drm-kmod/vc4_kms=/usr/obj/usr/src/arm64.aarch64/sys/modules/vc4_kms -ffile-prefix-map=/usr/obj/usr/src/arm64.aarch64/tmp=/sysroot -fdebug-prefix-map=./machine=/usr/src/sys/arm64/include    -MD  -MF.depend.vc4_crtc.o -MTvc4_crtc.o -mgeneral-regs-only -ffixed-x18 -mbranch-protection=standard -mno-outline-atomics -ffreestanding -fwrapv -fstack-protector  -Wall -Wstrict-prototypes -Wmissing-prototypes -Wpointer-arith -Wcast-qual -Wundef -Wno-pointer-sign -D__printf__=__freebsd_kprintf__ -Wmissing-include-dirs -fdiagnostics-show-option -Wno-unknown-pragmas -Wswitch -Wno-error=tautological-compare -Wno-error=empty-body -Wno-error=parentheses-equality -Wno-error=unused-function -Wno-error=pointer-sign -Wno-error=shift-negative-value -Wno-address-of-packed-member -Wno-format-zero-length -Wno-pointer-sign -Wno-pointer-arith -Wno-format -Wno-cast-qual -Wno-void-pointer-to-enum-cast     -std=gnu17 -DLINUXKPI_VERSION=61200 -include /usr/src/sys/compat/linuxkpi/common/include/linux/compiler_types.h -I/tmp/drm-kmod/linuxkpi/gplv2/include -I/tmp/drm-kmod/linuxkpi/bsd/include -I/usr/src/sys/compat/linuxkpi/common/include -I/usr/src/sys/compat/linuxkpi/dummy/include -I/tmp/drm-kmod/include -I/tmp/drm-kmod/include/drm -I/tmp/drm-kmod/include/uapi -I/tmp/drm-kmod/drivers/gpu -I/tmp/drm-kmod/drivers/gpu/drm/vc4 '-DKBUILD_MODNAME="vc4_kms"' '-DLINUXKPI_PARAM_PREFIX=vc4_kms_' -DDRM_SYSCTL_PARAM_PREFIX=_vc4_kms -DCONFIG_DRM_AMDGPU_CIK -DCONFIG_DRM_AMDGPU_SI -DCONFIG_DRM_AMD_DC -DCONFIG_DRM_AMD_DC_SI -DCONFIG_DRM_AMD_ISP -DCONFIG_AMD_PMC -DCONFIG_DRM_CLIENT_SETUP -DCONFIG_DRM_EXEC -DCONFIG_DRM_GPUVM -DCONFIG_DRM_PANIC -DCONFIG_DRM_PANIC_FOREGROUND_COLOR="0xffffff" -DCONFIG_DRM_PANIC_BACKGROUND_COLOR="0x000000" -DCONFIG_DRM_PANIC_SCREEN="\"user\"" -DCONFIG_DRM_I915_FORCE_PROBE='"*"' -DCONFIG_DRM_I915_REQUEST_TIMEOUT=20000 -DCONFIG_DRM_I915_CAPTURE_ERROR -DCONFIG_DRM_I915_USERFAULT_AUTOSUSPEND=250 -DCONFIG_DRM_I915_STOP_TIMEOUT=100 -DCONFIG_DRM_I915_PREEMPT_TIMEOUT=640 -DCONFIG_DRM_I915_PREEMPT_TIMEOUT_COMPUTE=7500 -DCONFIG_DRM_I915_HEARTBEAT_INTERVAL=2500 -DCONFIG_DRM_I915_TIMESLICE_DURATION=1 -DCONFIG_DRM_I915_MAX_REQUEST_BUSYWAIT=8000 -DCONFIG_DRM_I915_FENCE_TIMEOUT=10000 -DCONFIG_DRM_MIPI_DSI -DCONFIG_DRM_PANEL_ORIENTATION_QUIRKS -DCONFIG_DRM_DISPLAY_DP_TUNNEL -DCONFIG_DRM_I915_DP_TUNNEL -DCONFIG_APERTURE_HELPERS -DCONFIG_DRM_FBDEV_EMULATION -DCONFIG_DRM_FBDEV_OVERALLOC=100 -DCONFIG_ARCH_HAVE_NMI_SAFE_CMPXCHG -DCONFIG_BACKLIGHT_CLASS_DEVICE -DCONFIG_DEBUG_FS -DCONFIG_DMI -DCONFIG_FB -DCONFIG_MTRR -DCONFIG_PCI -DCONFIG_PM -DCONFIG_PM_SLEEP -DCONFIG_PROC_FS -DCONFIG_SMP -DCONFIG_SUSPEND -DCONFIG_VIDEO_CMDLINE -DCONFIG_64BIT -DCONFIG_ACPI -DCONFIG_ARM64 -DCONFIG_RASPBERRYPI_FIRMWARE=1 -DCONFIG_MMU=1 -include /tmp/drm-kmod/include/kunit/test-bug.h -ferror-limit=0 -c /tmp/drm-kmod/drivers/gpu/drm/vc4/vc4_crtc.c -o vc4_crtc.o
--- vc4_hvs.o ---
/usr/lib/llvm-19/bin/clang -target aarch64-unknown-freebsd15.1 --sysroot=/usr/obj/usr/src/arm64.aarch64/tmp -B/usr/obj/usr/src/arm64.aarch64/tmp/usr/bin  -O2 -pipe -fno-common  -fno-strict-aliasing -Werror -D_KERNEL -DKLD_MODULE -nostdinc   -include /tmp/drm-kmod/vc4_kms/opt_global.h -I. -I/usr/src/sys -I/usr/src/sys/contrib/ck/include -fno-common  -fno-omit-frame-pointer -mno-omit-leaf-frame-pointer -fPIC -ffile-prefix-map=/usr/src/sys=/usr/src/sys -ffile-prefix-map=/tmp/drm-kmod/vc4_kms=/usr/obj/usr/src/arm64.aarch64/sys/modules/vc4_kms -ffile-prefix-map=/usr/obj/usr/src/arm64.aarch64/tmp=/sysroot -fdebug-prefix-map=./machine=/usr/src/sys/arm64/include    -MD  -MF.depend.vc4_hvs.o -MTvc4_hvs.o -mgeneral-regs-only -ffixed-x18 -mbranch-protection=standard -mno-outline-atomics -ffreestanding -fwrapv -fstack-protector  -Wall -Wstrict-prototypes -Wmissing-prototypes -Wpointer-arith -Wcast-qual -Wundef -Wno-pointer-sign -D__printf__=__freebsd_kprintf__ -Wmissing-include-dirs -fdiagnostics-show-option -Wno-unknown-pragmas -Wswitch -Wno-error=tautological-compare -Wno-error=empty-body -Wno-error=parentheses-equality -Wno-error=unused-function -Wno-error=pointer-sign -Wno-error=shift-negative-value -Wno-address-of-packed-member -Wno-format-zero-length -Wno-pointer-sign -Wno-pointer-arith -Wno-format -Wno-cast-qual -Wno-void-pointer-to-enum-cast     -std=gnu17 -DLINUXKPI_VERSION=61200 -include /usr/src/sys/compat/linuxkpi/common/include/linux/compiler_types.h -I/tmp/drm-kmod/linuxkpi/gplv2/include -I/tmp/drm-kmod/linuxkpi/bsd/include -I/usr/src/sys/compat/linuxkpi/common/include -I/usr/src/sys/compat/linuxkpi/dummy/include -I/tmp/drm-kmod/include -I/tmp/drm-kmod/include/drm -I/tmp/drm-kmod/include/uapi -I/tmp/drm-kmod/drivers/gpu -I/tmp/drm-kmod/drivers/gpu/drm/vc4 '-DKBUILD_MODNAME="vc4_kms"' '-DLINUXKPI_PARAM_PREFIX=vc4_kms_' -DDRM_SYSCTL_PARAM_PREFIX=_vc4_kms -DCONFIG_DRM_AMDGPU_CIK -DCONFIG_DRM_AMDGPU_SI -DCONFIG_DRM_AMD_DC -DCONFIG_DRM_AMD_DC_SI -DCONFIG_DRM_AMD_ISP -DCONFIG_AMD_PMC -DCONFIG_DRM_CLIENT_SETUP -DCONFIG_DRM_EXEC -DCONFIG_DRM_GPUVM -DCONFIG_DRM_PANIC -DCONFIG_DRM_PANIC_FOREGROUND_COLOR="0xffffff" -DCONFIG_DRM_PANIC_BACKGROUND_COLOR="0x000000" -DCONFIG_DRM_PANIC_SCREEN="\"user\"" -DCONFIG_DRM_I915_FORCE_PROBE='"*"' -DCONFIG_DRM_I915_REQUEST_TIMEOUT=20000 -DCONFIG_DRM_I915_CAPTURE_ERROR -DCONFIG_DRM_I915_USERFAULT_AUTOSUSPEND=250 -DCONFIG_DRM_I915_STOP_TIMEOUT=100 -DCONFIG_DRM_I915_PREEMPT_TIMEOUT=640 -DCONFIG_DRM_I915_PREEMPT_TIMEOUT_COMPUTE=7500 -DCONFIG_DRM_I915_HEARTBEAT_INTERVAL=2500 -DCONFIG_DRM_I915_TIMESLICE_DURATION=1 -DCONFIG_DRM_I915_MAX_REQUEST_BUSYWAIT=8000 -DCONFIG_DRM_I915_FENCE_TIMEOUT=10000 -DCONFIG_DRM_MIPI_DSI -DCONFIG_DRM_PANEL_ORIENTATION_QUIRKS -DCONFIG_DRM_DISPLAY_DP_TUNNEL -DCONFIG_DRM_I915_DP_TUNNEL -DCONFIG_APERTURE_HELPERS -DCONFIG_DRM_FBDEV_EMULATION -DCONFIG_DRM_FBDEV_OVERALLOC=100 -DCONFIG_ARCH_HAVE_NMI_SAFE_CMPXCHG -DCONFIG_BACKLIGHT_CLASS_DEVICE -DCONFIG_DEBUG_FS -DCONFIG_DMI -DCONFIG_FB -DCONFIG_MTRR -DCONFIG_PCI -DCONFIG_PM -DCONFIG_PM_SLEEP -DCONFIG_PROC_FS -DCONFIG_SMP -DCONFIG_SUSPEND -DCONFIG_VIDEO_CMDLINE -DCONFIG_64BIT -DCONFIG_ACPI -DCONFIG_ARM64 -DCONFIG_RASPBERRYPI_FIRMWARE=1 -DCONFIG_MMU=1 -include /tmp/drm-kmod/include/kunit/test-bug.h -ferror-limit=0 -c /tmp/drm-kmod/drivers/gpu/drm/vc4/vc4_hvs.c -o vc4_hvs.o
--- vc4_kms.o ---
In file included from <built-in>:3:
--- vc4_crtc.o ---
In file included from <built-in>:3:
/tmp/drm-kmod/include/kunit/test-bug.h:30:10: error: use of undeclared identifier 'NULL'
--- vc4_hvs.o ---
In file included from <built-in>:3:
/tmp/drm-kmod/include/kunit/test-bug.h:30:10: error: use of undeclared identifier 'NULL'
--- vc4_kms.o ---
/tmp/drm-kmod/include/kunit/test-bug.h:30:10: error: use of undeclared identifier 'NULL'
--- vc4_hvs.o ---
   30 |         return (NULL);
--- vc4_kms.o ---
   30 |         return (NULL);
      |                 ^
--- vc4_crtc.o ---
   30 |         return (NULL);
      |                 ^
--- vc4_hvs.o ---
      |                 ^
--- vc4_drv.o ---
In file included from <built-in>:3:
/tmp/drm-kmod/include/kunit/test-bug.h:30:10: error: use of undeclared identifier 'NULL'
   30 |         return (NULL);
      |                 ^
--- vc4_crtc.o ---
In file included from /tmp/drm-kmod/drivers/gpu/drm/vc4/vc4_crtc.c:49:
/tmp/drm-kmod/drivers/gpu/drm/vc4/vc4_hdmi.h:109:36: error: field has incomplete type 'struct snd_soc_dai_link_component'
  109 |         struct snd_soc_dai_link_component cpu;
      |                                           ^
/tmp/drm-kmod/drivers/gpu/drm/vc4/vc4_hdmi.h:109:9: note: forward declaration of 'struct snd_soc_dai_link_component'
  109 |         struct snd_soc_dai_link_component cpu;
      |                ^
/tmp/drm-kmod/drivers/gpu/drm/vc4/vc4_hdmi.h:110:36: error: field has incomplete type 'struct snd_soc_dai_link_component'
  110 |         struct snd_soc_dai_link_component codec;
      |                                           ^
/tmp/drm-kmod/drivers/gpu/drm/vc4/vc4_hdmi.h:109:9: note: forward declaration of 'struct snd_soc_dai_link_component'
  109 |         struct snd_soc_dai_link_component cpu;
      |                ^
/tmp/drm-kmod/drivers/gpu/drm/vc4/vc4_hdmi.h:111:36: error: field has incomplete type 'struct snd_soc_dai_link_component'
  111 |         struct snd_soc_dai_link_component platform;
      |                                           ^
/tmp/drm-kmod/drivers/gpu/drm/vc4/vc4_hdmi.h:109:9: note: forward declaration of 'struct snd_soc_dai_link_component'
  109 |         struct snd_soc_dai_link_component cpu;
      |                ^
/tmp/drm-kmod/drivers/gpu/drm/vc4/vc4_hdmi.h:158:17: error: field has incomplete type 'struct cec_msg'
  158 |         struct cec_msg cec_rx_msg;
      |                        ^
/tmp/drm-kmod/drivers/gpu/drm/vc4/vc4_hdmi.h:158:9: note: forward declaration of 'struct cec_msg'
  158 |         struct cec_msg cec_rx_msg;
      |                ^
/tmp/drm-kmod/drivers/gpu/drm/vc4/vc4_hdmi.h:246:22: error: field has incomplete type 'struct snd_soc_jack'
  246 |         struct snd_soc_jack hdmi_jack;
      |                             ^
/tmp/drm-kmod/include/sound/soc.h:27:8: note: forward declaration of 'struct snd_soc_jack'
   27 | struct snd_soc_jack;
      |        ^
--- vc4_kms.o ---
1 error generated.
--- vc4_drv.o ---
/tmp/drm-kmod/drivers/gpu/drm/vc4/vc4_drv.c:59:8: error: call to undeclared function 'devm_platform_ioremap_resource'; ISO C99 and later do not support implicit function declarations [-Wimplicit-function-declaration]
   59 |         map = devm_platform_ioremap_resource(pdev, index);
      |               ^
/tmp/drm-kmod/drivers/gpu/drm/vc4/vc4_drv.c:59:6: error: incompatible integer to pointer conversion assigning to 'void *' from 'int' [-Wint-conversion]
   59 |         map = devm_platform_ioremap_resource(pdev, index);
      |             ^ ~~~~~~~~~~~~~~~~~~~~~~~~~~~~~~~~~~~~~~~~~~~
--- vc4_kms.o ---
*** [vc4_kms.o] Error code 1

make[2]: stopped making "all" in /tmp/drm-kmod/vc4_kms
--- vc4_plane.o ---
/usr/lib/llvm-19/bin/clang -target aarch64-unknown-freebsd15.1 --sysroot=/usr/obj/usr/src/arm64.aarch64/tmp -B/usr/obj/usr/src/arm64.aarch64/tmp/usr/bin  -O2 -pipe -fno-common  -fno-strict-aliasing -Werror -D_KERNEL -DKLD_MODULE -nostdinc   -include /tmp/drm-kmod/vc4_kms/opt_global.h -I. -I/usr/src/sys -I/usr/src/sys/contrib/ck/include -fno-common  -fno-omit-frame-pointer -mno-omit-leaf-frame-pointer -fPIC -ffile-prefix-map=/usr/src/sys=/usr/src/sys -ffile-prefix-map=/tmp/drm-kmod/vc4_kms=/usr/obj/usr/src/arm64.aarch64/sys/modules/vc4_kms -ffile-prefix-map=/usr/obj/usr/src/arm64.aarch64/tmp=/sysroot -fdebug-prefix-map=./machine=/usr/src/sys/arm64/include    -MD  -MF.depend.vc4_plane.o -MTvc4_plane.o -mgeneral-regs-only -ffixed-x18 -mbranch-protection=standard -mno-outline-atomics -ffreestanding -fwrapv -fstack-protector  -Wall -Wstrict-prototypes -Wmissing-prototypes -Wpointer-arith -Wcast-qual -Wundef -Wno-pointer-sign -D__printf__=__freebsd_kprintf__ -Wmissing-include-dirs -fdiagnostics-show-option -Wno-unknown-pragmas -Wswitch -Wno-error=tautological-compare -Wno-error=empty-body -Wno-error=parentheses-equality -Wno-error=unused-function -Wno-error=pointer-sign -Wno-error=shift-negative-value -Wno-address-of-packed-member -Wno-format-zero-length -Wno-pointer-sign -Wno-pointer-arith -Wno-format -Wno-cast-qual -Wno-void-pointer-to-enum-cast     -std=gnu17 -DLINUXKPI_VERSION=61200 -include /usr/src/sys/compat/linuxkpi/common/include/linux/compiler_types.h -I/tmp/drm-kmod/linuxkpi/gplv2/include -I/tmp/drm-kmod/linuxkpi/bsd/include -I/usr/src/sys/compat/linuxkpi/common/include -I/usr/src/sys/compat/linuxkpi/dummy/include -I/tmp/drm-kmod/include -I/tmp/drm-kmod/include/drm -I/tmp/drm-kmod/include/uapi -I/tmp/drm-kmod/drivers/gpu -I/tmp/drm-kmod/drivers/gpu/drm/vc4 '-DKBUILD_MODNAME="vc4_kms"' '-DLINUXKPI_PARAM_PREFIX=vc4_kms_' -DDRM_SYSCTL_PARAM_PREFIX=_vc4_kms -DCONFIG_DRM_AMDGPU_CIK -DCONFIG_DRM_AMDGPU_SI -DCONFIG_DRM_AMD_DC -DCONFIG_DRM_AMD_DC_SI -DCONFIG_DRM_AMD_ISP -DCONFIG_AMD_PMC -DCONFIG_DRM_CLIENT_SETUP -DCONFIG_DRM_EXEC -DCONFIG_DRM_GPUVM -DCONFIG_DRM_PANIC -DCONFIG_DRM_PANIC_FOREGROUND_COLOR="0xffffff" -DCONFIG_DRM_PANIC_BACKGROUND_COLOR="0x000000" -DCONFIG_DRM_PANIC_SCREEN="\"user\"" -DCONFIG_DRM_I915_FORCE_PROBE='"*"' -DCONFIG_DRM_I915_REQUEST_TIMEOUT=20000 -DCONFIG_DRM_I915_CAPTURE_ERROR -DCONFIG_DRM_I915_USERFAULT_AUTOSUSPEND=250 -DCONFIG_DRM_I915_STOP_TIMEOUT=100 -DCONFIG_DRM_I915_PREEMPT_TIMEOUT=640 -DCONFIG_DRM_I915_PREEMPT_TIMEOUT_COMPUTE=7500 -DCONFIG_DRM_I915_HEARTBEAT_INTERVAL=2500 -DCONFIG_DRM_I915_TIMESLICE_DURATION=1 -DCONFIG_DRM_I915_MAX_REQUEST_BUSYWAIT=8000 -DCONFIG_DRM_I915_FENCE_TIMEOUT=10000 -DCONFIG_DRM_MIPI_DSI -DCONFIG_DRM_PANEL_ORIENTATION_QUIRKS -DCONFIG_DRM_DISPLAY_DP_TUNNEL -DCONFIG_DRM_I915_DP_TUNNEL -DCONFIG_APERTURE_HELPERS -DCONFIG_DRM_FBDEV_EMULATION -DCONFIG_DRM_FBDEV_OVERALLOC=100 -DCONFIG_ARCH_HAVE_NMI_SAFE_CMPXCHG -DCONFIG_BACKLIGHT_CLASS_DEVICE -DCONFIG_DEBUG_FS -DCONFIG_DMI -DCONFIG_FB -DCONFIG_MTRR -DCONFIG_PCI -DCONFIG_PM -DCONFIG_PM_SLEEP -DCONFIG_PROC_FS -DCONFIG_SMP -DCONFIG_SUSPEND -DCONFIG_VIDEO_CMDLINE -DCONFIG_64BIT -DCONFIG_ACPI -DCONFIG_ARM64 -DCONFIG_RASPBERRYPI_FIRMWARE=1 -DCONFIG_MMU=1 -include /tmp/drm-kmod/include/kunit/test-bug.h -ferror-limit=0 -c /tmp/drm-kmod/drivers/gpu/drm/vc4/vc4_plane.c -o vc4_plane.o
--- vc4_hvs.o ---
/tmp/drm-kmod/drivers/gpu/drm/vc4/vc4_hvs.c:2081:14: error: no member named 'base' in 'struct debugfs_regset32'
 2081 |         hvs->regset.base = hvs->regs;
      |         ~~~~~~~~~~~ ^
--- vc4_drv.o ---
/tmp/drm-kmod/drivers/gpu/drm/vc4/vc4_drv.c:186:6: error: call to undeclared function 'swiotlb_find_pool'; ISO C99 and later do not support implicit function declarations [-Wimplicit-function-declaration]
  186 |         if (swiotlb_find_pool(dev->dev, phys))
      |             ^
/tmp/drm-kmod/drivers/gpu/drm/vc4/vc4_drv.c:266:14: error: declaration of 'struct component_match' will not be visible outside of this function [-Werror,-Wvisibility]
  266 |                                   struct component_match **match,
      |                                          ^
--- vc4_crtc.o ---
/tmp/drm-kmod/drivers/gpu/drm/vc4/vc4_crtc.c:566:8: error: call to undeclared function 'of_device_is_compatible'; ISO C99 and later do not support implicit function declarations [-Wimplicit-function-declaration]
  566 |         if (!(of_device_is_compatible(vc4_crtc->pdev->dev.of_node,
      |               ^
--- vc4_plane.o ---
In file included from <built-in>:3:
/tmp/drm-kmod/include/kunit/test-bug.h:30:10: error: use of undeclared identifier 'NULL'
   30 |         return (NULL);
      |                 ^
--- vc4_hvs.o ---
/tmp/drm-kmod/drivers/gpu/drm/vc4/vc4_hvs.c:2194:10: error: call to undeclared function 'platform_get_irq_byname'; ISO C99 and later do not support implicit function declarations [-Wimplicit-function-declaration]
 2194 |                         irq = platform_get_irq_byname(pdev, irq_name);
      |                               ^
/tmp/drm-kmod/drivers/gpu/drm/vc4/vc4_hvs.c:2194:10: note: did you mean 'platform_get_irq'?
/usr/src/sys/compat/linuxkpi/common/include/linux/platform_device.h:106:1: note: 'platform_get_irq' declared here
  106 | platform_get_irq(struct platform_device *pdev, unsigned int num)
      | ^
--- vc4_drv.o ---
/tmp/drm-kmod/drivers/gpu/drm/vc4/vc4_drv.c:276:15: error: call to undeclared function 'platform_find_device_by_driver'; ISO C99 and later do not support implicit function declarations [-Wimplicit-function-declaration]
  276 |                 while ((d = platform_find_device_by_driver(p, drv))) {
      |                             ^
/tmp/drm-kmod/drivers/gpu/drm/vc4/vc4_drv.c:276:13: error: incompatible integer to pointer conversion assigning to 'struct device *' from 'int' [-Wint-conversion]
  276 |                 while ((d = platform_find_device_by_driver(p, drv))) {
      |                           ^ ~~~~~~~~~~~~~~~~~~~~~~~~~~~~~~~~~~~~~~
--- vc4_hvs.o ---
/tmp/drm-kmod/drivers/gpu/drm/vc4/vc4_hvs.c:2206:13: error: use of undeclared identifier 'IRQF_NO_AUTOEN'
 2206 |                                                IRQF_NO_AUTOEN,
      |                                                ^
/tmp/drm-kmod/drivers/gpu/drm/vc4/vc4_hvs.c:2272:3: error: field designator 'remove_new' does not refer to any field in type 'struct platform_driver'
 2272 |         .remove_new = vc4_hvs_dev_remove,
      |         ~^~~~~~~~~~~~~~~~~~~~~~~~~~~~~~~
5 errors generated.
--- vc4_crtc.o ---
/tmp/drm-kmod/drivers/gpu/drm/vc4/vc4_crtc.c:597:8: error: call to undeclared function 'pm_runtime_resume_and_get'; ISO C99 and later do not support implicit function declarations [-Wimplicit-function-declaration]
  597 |         ret = pm_runtime_resume_and_get(&vc4_hdmi->pdev->dev);
      |               ^
--- vc4_hvs.o ---
*** [vc4_hvs.o] Error code 1

make[2]: stopped making "all" in /tmp/drm-kmod/vc4_kms
--- vc4_hdmi.o ---
/usr/lib/llvm-19/bin/clang -target aarch64-unknown-freebsd15.1 --sysroot=/usr/obj/usr/src/arm64.aarch64/tmp -B/usr/obj/usr/src/arm64.aarch64/tmp/usr/bin  -O2 -pipe -fno-common  -fno-strict-aliasing -Werror -D_KERNEL -DKLD_MODULE -nostdinc   -include /tmp/drm-kmod/vc4_kms/opt_global.h -I. -I/usr/src/sys -I/usr/src/sys/contrib/ck/include -fno-common  -fno-omit-frame-pointer -mno-omit-leaf-frame-pointer -fPIC -ffile-prefix-map=/usr/src/sys=/usr/src/sys -ffile-prefix-map=/tmp/drm-kmod/vc4_kms=/usr/obj/usr/src/arm64.aarch64/sys/modules/vc4_kms -ffile-prefix-map=/usr/obj/usr/src/arm64.aarch64/tmp=/sysroot -fdebug-prefix-map=./machine=/usr/src/sys/arm64/include    -MD  -MF.depend.vc4_hdmi.o -MTvc4_hdmi.o -mgeneral-regs-only -ffixed-x18 -mbranch-protection=standard -mno-outline-atomics -ffreestanding -fwrapv -fstack-protector  -Wall -Wstrict-prototypes -Wmissing-prototypes -Wpointer-arith -Wcast-qual -Wundef -Wno-pointer-sign -D__printf__=__freebsd_kprintf__ -Wmissing-include-dirs -fdiagnostics-show-option -Wno-unknown-pragmas -Wswitch -Wno-error=tautological-compare -Wno-error=empty-body -Wno-error=parentheses-equality -Wno-error=unused-function -Wno-error=pointer-sign -Wno-error=shift-negative-value -Wno-address-of-packed-member -Wno-format-zero-length -Wno-pointer-sign -Wno-pointer-arith -Wno-format -Wno-cast-qual -Wno-void-pointer-to-enum-cast     -std=gnu17 -DLINUXKPI_VERSION=61200 -include /usr/src/sys/compat/linuxkpi/common/include/linux/compiler_types.h -I/tmp/drm-kmod/linuxkpi/gplv2/include -I/tmp/drm-kmod/linuxkpi/bsd/include -I/usr/src/sys/compat/linuxkpi/common/include -I/usr/src/sys/compat/linuxkpi/dummy/include -I/tmp/drm-kmod/include -I/tmp/drm-kmod/include/drm -I/tmp/drm-kmod/include/uapi -I/tmp/drm-kmod/drivers/gpu -I/tmp/drm-kmod/drivers/gpu/drm/vc4 '-DKBUILD_MODNAME="vc4_kms"' '-DLINUXKPI_PARAM_PREFIX=vc4_kms_' -DDRM_SYSCTL_PARAM_PREFIX=_vc4_kms -DCONFIG_DRM_AMDGPU_CIK -DCONFIG_DRM_AMDGPU_SI -DCONFIG_DRM_AMD_DC -DCONFIG_DRM_AMD_DC_SI -DCONFIG_DRM_AMD_ISP -DCONFIG_AMD_PMC -DCONFIG_DRM_CLIENT_SETUP -DCONFIG_DRM_EXEC -DCONFIG_DRM_GPUVM -DCONFIG_DRM_PANIC -DCONFIG_DRM_PANIC_FOREGROUND_COLOR="0xffffff" -DCONFIG_DRM_PANIC_BACKGROUND_COLOR="0x000000" -DCONFIG_DRM_PANIC_SCREEN="\"user\"" -DCONFIG_DRM_I915_FORCE_PROBE='"*"' -DCONFIG_DRM_I915_REQUEST_TIMEOUT=20000 -DCONFIG_DRM_I915_CAPTURE_ERROR -DCONFIG_DRM_I915_USERFAULT_AUTOSUSPEND=250 -DCONFIG_DRM_I915_STOP_TIMEOUT=100 -DCONFIG_DRM_I915_PREEMPT_TIMEOUT=640 -DCONFIG_DRM_I915_PREEMPT_TIMEOUT_COMPUTE=7500 -DCONFIG_DRM_I915_HEARTBEAT_INTERVAL=2500 -DCONFIG_DRM_I915_TIMESLICE_DURATION=1 -DCONFIG_DRM_I915_MAX_REQUEST_BUSYWAIT=8000 -DCONFIG_DRM_I915_FENCE_TIMEOUT=10000 -DCONFIG_DRM_MIPI_DSI -DCONFIG_DRM_PANEL_ORIENTATION_QUIRKS -DCONFIG_DRM_DISPLAY_DP_TUNNEL -DCONFIG_DRM_I915_DP_TUNNEL -DCONFIG_APERTURE_HELPERS -DCONFIG_DRM_FBDEV_EMULATION -DCONFIG_DRM_FBDEV_OVERALLOC=100 -DCONFIG_ARCH_HAVE_NMI_SAFE_CMPXCHG -DCONFIG_BACKLIGHT_CLASS_DEVICE -DCONFIG_DEBUG_FS -DCONFIG_DMI -DCONFIG_FB -DCONFIG_MTRR -DCONFIG_PCI -DCONFIG_PM -DCONFIG_PM_SLEEP -DCONFIG_PROC_FS -DCONFIG_SMP -DCONFIG_SUSPEND -DCONFIG_VIDEO_CMDLINE -DCONFIG_64BIT -DCONFIG_ACPI -DCONFIG_ARM64 -DCONFIG_RASPBERRYPI_FIRMWARE=1 -DCONFIG_MMU=1 -include /tmp/drm-kmod/include/kunit/test-bug.h -ferror-limit=0 -c /tmp/drm-kmod/drivers/gpu/drm/vc4/vc4_hdmi.c -o vc4_hdmi.o
--- vc4_drv.o ---
/tmp/drm-kmod/drivers/gpu/drm/vc4/vc4_drv.c:278:4: error: call to undeclared function 'component_match_add'; ISO C99 and later do not support implicit function declarations [-Wimplicit-function-declaration]
  278 |                         component_match_add(dev, match, component_compare_dev, d);
      |                         ^
/tmp/drm-kmod/drivers/gpu/drm/vc4/vc4_drv.c:278:4: note: did you mean 'component_add'?
/usr/src/sys/compat/linuxkpi/common/include/linux/component.h:34:5: note: 'component_add' declared here
   34 | int     component_add(struct device *dev, const struct component_ops *ops);
      |         ^
--- vc4_hdmi.o ---
In file included from <built-in>:3:
/tmp/drm-kmod/include/kunit/test-bug.h:30:10: error: use of undeclared identifier 'NULL'
   30 |         return (NULL);
      |                 ^
--- vc4_drv.o ---
/tmp/drm-kmod/drivers/gpu/drm/vc4/vc4_drv.c:278:36: error: use of undeclared identifier 'component_compare_dev'
  278 |                         component_match_add(dev, match, component_compare_dev, d);
      |                                                         ^
--- vc4_crtc.o ---
/tmp/drm-kmod/drivers/gpu/drm/vc4/vc4_crtc.c:1500:12: error: call to undeclared function 'of_device_get_match_data'; ISO C99 and later do not support implicit function declarations [-Wimplicit-function-declaration]
 1500 |         pv_data = of_device_get_match_data(dev);
      |                   ^
/tmp/drm-kmod/drivers/gpu/drm/vc4/vc4_crtc.c:1500:10: error: incompatible integer to pointer conversion assigning to 'const struct vc4_pv_data *' from 'int' [-Wint-conversion]
 1500 |         pv_data = of_device_get_match_data(dev);
      |                 ^ ~~~~~~~~~~~~~~~~~~~~~~~~~~~~~
/tmp/drm-kmod/drivers/gpu/drm/vc4/vc4_crtc.c:1508:19: error: no member named 'base' in 'struct debugfs_regset32'
 1508 |         vc4_crtc->regset.base = vc4_crtc->regs;
      |         ~~~~~~~~~~~~~~~~ ^
/tmp/drm-kmod/drivers/gpu/drm/vc4/vc4_crtc.c:1561:3: error: field designator 'remove_new' does not refer to any field in type 'struct platform_driver'
 1561 |         .remove_new = vc4_crtc_dev_remove,
      |         ~^~~~~~~~~~~~~~~~~~~~~~~~~~~~~~~~
12 errors generated.
*** [vc4_crtc.o] Error code 1

make[2]: stopped making "all" in /tmp/drm-kmod/vc4_kms
--- vc4_hdmi_phy.o ---
/usr/lib/llvm-19/bin/clang -target aarch64-unknown-freebsd15.1 --sysroot=/usr/obj/usr/src/arm64.aarch64/tmp -B/usr/obj/usr/src/arm64.aarch64/tmp/usr/bin  -O2 -pipe -fno-common  -fno-strict-aliasing -Werror -D_KERNEL -DKLD_MODULE -nostdinc   -include /tmp/drm-kmod/vc4_kms/opt_global.h -I. -I/usr/src/sys -I/usr/src/sys/contrib/ck/include -fno-common  -fno-omit-frame-pointer -mno-omit-leaf-frame-pointer -fPIC -ffile-prefix-map=/usr/src/sys=/usr/src/sys -ffile-prefix-map=/tmp/drm-kmod/vc4_kms=/usr/obj/usr/src/arm64.aarch64/sys/modules/vc4_kms -ffile-prefix-map=/usr/obj/usr/src/arm64.aarch64/tmp=/sysroot -fdebug-prefix-map=./machine=/usr/src/sys/arm64/include    -MD  -MF.depend.vc4_hdmi_phy.o -MTvc4_hdmi_phy.o -mgeneral-regs-only -ffixed-x18 -mbranch-protection=standard -mno-outline-atomics -ffreestanding -fwrapv -fstack-protector  -Wall -Wstrict-prototypes -Wmissing-prototypes -Wpointer-arith -Wcast-qual -Wundef -Wno-pointer-sign -D__printf__=__freebsd_kprintf__ -Wmissing-include-dirs -fdiagnostics-show-option -Wno-unknown-pragmas -Wswitch -Wno-error=tautological-compare -Wno-error=empty-body -Wno-error=parentheses-equality -Wno-error=unused-function -Wno-error=pointer-sign -Wno-error=shift-negative-value -Wno-address-of-packed-member -Wno-format-zero-length -Wno-pointer-sign -Wno-pointer-arith -Wno-format -Wno-cast-qual -Wno-void-pointer-to-enum-cast     -std=gnu17 -DLINUXKPI_VERSION=61200 -include /usr/src/sys/compat/linuxkpi/common/include/linux/compiler_types.h -I/tmp/drm-kmod/linuxkpi/gplv2/include -I/tmp/drm-kmod/linuxkpi/bsd/include -I/usr/src/sys/compat/linuxkpi/common/include -I/usr/src/sys/compat/linuxkpi/dummy/include -I/tmp/drm-kmod/include -I/tmp/drm-kmod/include/drm -I/tmp/drm-kmod/include/uapi -I/tmp/drm-kmod/drivers/gpu -I/tmp/drm-kmod/drivers/gpu/drm/vc4 '-DKBUILD_MODNAME="vc4_kms"' '-DLINUXKPI_PARAM_PREFIX=vc4_kms_' -DDRM_SYSCTL_PARAM_PREFIX=_vc4_kms -DCONFIG_DRM_AMDGPU_CIK -DCONFIG_DRM_AMDGPU_SI -DCONFIG_DRM_AMD_DC -DCONFIG_DRM_AMD_DC_SI -DCONFIG_DRM_AMD_ISP -DCONFIG_AMD_PMC -DCONFIG_DRM_CLIENT_SETUP -DCONFIG_DRM_EXEC -DCONFIG_DRM_GPUVM -DCONFIG_DRM_PANIC -DCONFIG_DRM_PANIC_FOREGROUND_COLOR="0xffffff" -DCONFIG_DRM_PANIC_BACKGROUND_COLOR="0x000000" -DCONFIG_DRM_PANIC_SCREEN="\"user\"" -DCONFIG_DRM_I915_FORCE_PROBE='"*"' -DCONFIG_DRM_I915_REQUEST_TIMEOUT=20000 -DCONFIG_DRM_I915_CAPTURE_ERROR -DCONFIG_DRM_I915_USERFAULT_AUTOSUSPEND=250 -DCONFIG_DRM_I915_STOP_TIMEOUT=100 -DCONFIG_DRM_I915_PREEMPT_TIMEOUT=640 -DCONFIG_DRM_I915_PREEMPT_TIMEOUT_COMPUTE=7500 -DCONFIG_DRM_I915_HEARTBEAT_INTERVAL=2500 -DCONFIG_DRM_I915_TIMESLICE_DURATION=1 -DCONFIG_DRM_I915_MAX_REQUEST_BUSYWAIT=8000 -DCONFIG_DRM_I915_FENCE_TIMEOUT=10000 -DCONFIG_DRM_MIPI_DSI -DCONFIG_DRM_PANEL_ORIENTATION_QUIRKS -DCONFIG_DRM_DISPLAY_DP_TUNNEL -DCONFIG_DRM_I915_DP_TUNNEL -DCONFIG_APERTURE_HELPERS -DCONFIG_DRM_FBDEV_EMULATION -DCONFIG_DRM_FBDEV_OVERALLOC=100 -DCONFIG_ARCH_HAVE_NMI_SAFE_CMPXCHG -DCONFIG_BACKLIGHT_CLASS_DEVICE -DCONFIG_DEBUG_FS -DCONFIG_DMI -DCONFIG_FB -DCONFIG_MTRR -DCONFIG_PCI -DCONFIG_PM -DCONFIG_PM_SLEEP -DCONFIG_PROC_FS -DCONFIG_SMP -DCONFIG_SUSPEND -DCONFIG_VIDEO_CMDLINE -DCONFIG_64BIT -DCONFIG_ACPI -DCONFIG_ARM64 -DCONFIG_RASPBERRYPI_FIRMWARE=1 -DCONFIG_MMU=1 -include /tmp/drm-kmod/include/kunit/test-bug.h -ferror-limit=0 -c /tmp/drm-kmod/drivers/gpu/drm/vc4/vc4_hdmi_phy.c -o vc4_hdmi_phy.o
--- vc4_drv.o ---
/tmp/drm-kmod/drivers/gpu/drm/vc4/vc4_drv.c:308:9: error: call to undeclared function 'of_device_is_available'; ISO C99 and later do not support implicit function declarations [-Wimplicit-function-declaration]
  308 |         return of_device_is_available(of_find_compatible_node(NULL, NULL,
      |                ^
--- vc4_hdmi_phy.o ---
In file included from <built-in>:3:
/tmp/drm-kmod/include/kunit/test-bug.h:30:10: error: use of undeclared identifier 'NULL'
   30 |         return (NULL);
      |                 ^
--- vc4_drv.o ---
/tmp/drm-kmod/drivers/gpu/drm/vc4/vc4_drv.c:308:32: error: call to undeclared function 'of_find_compatible_node'; ISO C99 and later do not support implicit function declarations [-Wimplicit-function-declaration]
  308 |         return of_device_is_available(of_find_compatible_node(NULL, NULL,
      |                                       ^
/tmp/drm-kmod/drivers/gpu/drm/vc4/vc4_drv.c:326:7: error: no member named 'coherent_dma_mask' in 'struct device'
  326 |         dev->coherent_dma_mask = DMA_BIT_MASK(32);
      |         ~~~  ^
/tmp/drm-kmod/drivers/gpu/drm/vc4/vc4_drv.c:328:22: error: call to undeclared function 'of_device_get_match_data'; ISO C99 and later do not support implicit function declarations [-Wimplicit-function-declaration]
  328 |         gen = (enum vc4_gen)of_device_get_match_data(dev);
      |                             ^
/tmp/drm-kmod/drivers/gpu/drm/vc4/vc4_drv.c:340:9: error: call to undeclared function 'of_find_matching_node_and_match'; ISO C99 and later do not support implicit function declarations [-Wimplicit-function-declaration]
  340 |         node = of_find_matching_node_and_match(NULL, vc4_dma_range_matches,
      |                ^
/tmp/drm-kmod/drivers/gpu/drm/vc4/vc4_drv.c:340:7: error: incompatible integer to pointer conversion assigning to 'struct device_node *' from 'int' [-Wint-conversion]
  340 |         node = of_find_matching_node_and_match(NULL, vc4_dma_range_matches,
      |              ^ ~~~~~~~~~~~~~~~~~~~~~~~~~~~~~~~~~~~~~~~~~~~~~~~~~~~~~~~~~~~~
  341 |                                                NULL);
      |                                                ~~~~~
/tmp/drm-kmod/drivers/gpu/drm/vc4/vc4_drv.c:343:9: error: call to undeclared function 'of_dma_configure'; ISO C99 and later do not support implicit function declarations [-Wimplicit-function-declaration]
  343 |                 ret = of_dma_configure(dev, node, true);
      |                       ^
/tmp/drm-kmod/drivers/gpu/drm/vc4/vc4_drv.c:360:9: error: call to undeclared function 'drmm_mutex_init'; ISO C99 and later do not support implicit function declarations [-Wimplicit-function-declaration]
  360 |                 ret = drmm_mutex_init(drm, &vc4->bin_bo_lock);
      |                       ^
/tmp/drm-kmod/drivers/gpu/drm/vc4/vc4_drv.c:379:9: error: call to undeclared function 'of_find_compatible_node'; ISO C99 and later do not support implicit function declarations [-Wimplicit-function-declaration]
  379 |         node = of_find_compatible_node(NULL, NULL, "raspberrypi,bcm2835-firmware");
      |                ^
/tmp/drm-kmod/drivers/gpu/drm/vc4/vc4_drv.c:379:7: error: incompatible integer to pointer conversion assigning to 'struct device_node *' from 'int' [-Wint-conversion]
  379 |         node = of_find_compatible_node(NULL, NULL, "raspberrypi,bcm2835-firmware");
      |              ^ ~~~~~~~~~~~~~~~~~~~~~~~~~~~~~~~~~~~~~~~~~~~~~~~~~~~~~~~~~~~~~~~~~~~
/tmp/drm-kmod/drivers/gpu/drm/vc4/vc4_drv.c:449:42: error: variable has incomplete type 'const struct component_master_ops'
  449 | static const struct component_master_ops vc4_drm_ops = {
      |                                          ^
/tmp/drm-kmod/drivers/gpu/drm/vc4/vc4_drv.c:449:21: note: forward declaration of 'struct component_master_ops'
  449 | static const struct component_master_ops vc4_drm_ops = {
      |                     ^
/tmp/drm-kmod/drivers/gpu/drm/vc4/vc4_drv.c:480:29: error: incompatible pointer types passing 'struct component_match **' to parameter of type 'struct component_match **' [-Werror,-Wincompatible-pointer-types]
  480 |         vc4_match_add_drivers(dev, &match,
      |                                    ^~~~~~
/tmp/drm-kmod/drivers/gpu/drm/vc4/vc4_drv.c:266:32: note: passing argument to parameter 'match' here
  266 |                                   struct component_match **match,
      |                                                            ^
/tmp/drm-kmod/drivers/gpu/drm/vc4/vc4_drv.c:483:9: error: call to undeclared function 'component_master_add_with_match'; ISO C99 and later do not support implicit function declarations [-Wimplicit-function-declaration]
  483 |         return component_master_add_with_match(dev, &vc4_drm_ops, match);
      |                ^
/tmp/drm-kmod/drivers/gpu/drm/vc4/vc4_drv.c:488:2: error: call to undeclared function 'component_master_del'; ISO C99 and later do not support implicit function declarations [-Wimplicit-function-declaration]
  488 |         component_master_del(&pdev->dev, &vc4_drm_ops);
      |         ^
/tmp/drm-kmod/drivers/gpu/drm/vc4/vc4_drv.c:504:1: error: type specifier missing, defaults to 'int'; ISO C99 and later do not support implicit int [-Wimplicit-int]
  504 | MODULE_DEVICE_TABLE(of, vc4_of_match);
      | ^
/usr/src/sys/compat/linuxkpi/common/include/linux/module.h:71:10: note: expanded from macro 'MODULE_DEVICE_TABLE'
   71 |                                                                         \
      |                                                                         ^
<scratch space>:59:1: note: expanded from here
   59 | MODULE_DEVICE_TABLE_BUS_of
      | ^
/tmp/drm-kmod/drivers/gpu/drm/vc4/vc4_drv.c:504:21: error: a parameter list without types is only allowed in a function definition
  504 | MODULE_DEVICE_TABLE(of, vc4_of_match);
      |                     ^
/tmp/drm-kmod/drivers/gpu/drm/vc4/vc4_drv.c:508:3: error: field designator 'remove_new' does not refer to any field in type 'struct platform_driver'
  508 |         .remove_new     = vc4_platform_drm_remove,
      |         ~^~~~~~~~~~~~~~~~~~~~~~~~~~~~~~~~~~~~~~~~
/tmp/drm-kmod/drivers/gpu/drm/vc4/vc4_drv.c:509:3: error: field designator 'shutdown' does not refer to any field in type 'struct platform_driver'
  509 |         .shutdown       = vc4_platform_drm_shutdown,
      |         ~^~~~~~~~~~~~~~~~~~~~~~~~~~~~~~~~~~~~~~~~~~
/tmp/drm-kmod/drivers/gpu/drm/vc4/vc4_drv.c:523:8: error: call to undeclared function 'platform_register_drivers'; ISO C99 and later do not support implicit function declarations [-Wimplicit-function-declaration]
  523 |         ret = platform_register_drivers(component_drivers,
      |               ^
/tmp/drm-kmod/drivers/gpu/drm/vc4/vc4_drv.c:530:3: error: call to undeclared function 'platform_unregister_drivers'; ISO C99 and later do not support implicit function declarations [-Wimplicit-function-declaration]
  530 |                 platform_unregister_drivers(component_drivers,
      |                 ^
/tmp/drm-kmod/drivers/gpu/drm/vc4/vc4_drv.c:538:2: error: call to undeclared function 'platform_unregister_drivers'; ISO C99 and later do not support implicit function declarations [-Wimplicit-function-declaration]
  538 |         platform_unregister_drivers(component_drivers,
      |         ^
/tmp/drm-kmod/drivers/gpu/drm/vc4/vc4_drv.c:546:14: error: expected parameter declarator
  546 | MODULE_ALIAS("platform:vc4-drm");
      |              ^
/tmp/drm-kmod/drivers/gpu/drm/vc4/vc4_drv.c:546:14: error: expected ')'
/tmp/drm-kmod/drivers/gpu/drm/vc4/vc4_drv.c:546:13: note: to match this '('
  546 | MODULE_ALIAS("platform:vc4-drm");
      |             ^
/tmp/drm-kmod/drivers/gpu/drm/vc4/vc4_drv.c:546:1: error: type specifier missing, defaults to 'int'; ISO C99 and later do not support implicit int [-Wimplicit-int]
  546 | MODULE_ALIAS("platform:vc4-drm");
      | ^
      | int
/tmp/drm-kmod/drivers/gpu/drm/vc4/vc4_drv.c:546:13: error: a function declaration without a prototype is deprecated in all versions of C [-Werror,-Wstrict-prototypes]
  546 | MODULE_ALIAS("platform:vc4-drm");
      |             ^                  
      |                                void
/tmp/drm-kmod/drivers/gpu/drm/vc4/vc4_drv.c:547:16: error: expected parameter declarator
  547 | MODULE_SOFTDEP("pre: snd-soc-hdmi-codec");
      |                ^
/tmp/drm-kmod/drivers/gpu/drm/vc4/vc4_drv.c:547:16: error: expected ')'
/tmp/drm-kmod/drivers/gpu/drm/vc4/vc4_drv.c:547:15: note: to match this '('
  547 | MODULE_SOFTDEP("pre: snd-soc-hdmi-codec");
      |               ^
/tmp/drm-kmod/drivers/gpu/drm/vc4/vc4_drv.c:547:1: error: type specifier missing, defaults to 'int'; ISO C99 and later do not support implicit int [-Wimplicit-int]
  547 | MODULE_SOFTDEP("pre: snd-soc-hdmi-codec");
      | ^
      | int
/tmp/drm-kmod/drivers/gpu/drm/vc4/vc4_drv.c:547:15: error: a function declaration without a prototype is deprecated in all versions of C [-Werror,-Wstrict-prototypes]
  547 | MODULE_SOFTDEP("pre: snd-soc-hdmi-codec");
      |               ^                         
      |                                         void
38 errors generated.
*** [vc4_drv.o] Error code 1

make[2]: stopped making "all" in /tmp/drm-kmod/vc4_kms
--- vc4_bo.o ---
/usr/lib/llvm-19/bin/clang -target aarch64-unknown-freebsd15.1 --sysroot=/usr/obj/usr/src/arm64.aarch64/tmp -B/usr/obj/usr/src/arm64.aarch64/tmp/usr/bin  -O2 -pipe -fno-common  -fno-strict-aliasing -Werror -D_KERNEL -DKLD_MODULE -nostdinc   -include /tmp/drm-kmod/vc4_kms/opt_global.h -I. -I/usr/src/sys -I/usr/src/sys/contrib/ck/include -fno-common  -fno-omit-frame-pointer -mno-omit-leaf-frame-pointer -fPIC -ffile-prefix-map=/usr/src/sys=/usr/src/sys -ffile-prefix-map=/tmp/drm-kmod/vc4_kms=/usr/obj/usr/src/arm64.aarch64/sys/modules/vc4_kms -ffile-prefix-map=/usr/obj/usr/src/arm64.aarch64/tmp=/sysroot -fdebug-prefix-map=./machine=/usr/src/sys/arm64/include    -MD  -MF.depend.vc4_bo.o -MTvc4_bo.o -mgeneral-regs-only -ffixed-x18 -mbranch-protection=standard -mno-outline-atomics -ffreestanding -fwrapv -fstack-protector  -Wall -Wstrict-prototypes -Wmissing-prototypes -Wpointer-arith -Wcast-qual -Wundef -Wno-pointer-sign -D__printf__=__freebsd_kprintf__ -Wmissing-include-dirs -fdiagnostics-show-option -Wno-unknown-pragmas -Wswitch -Wno-error=tautological-compare -Wno-error=empty-body -Wno-error=parentheses-equality -Wno-error=unused-function -Wno-error=pointer-sign -Wno-error=shift-negative-value -Wno-address-of-packed-member -Wno-format-zero-length -Wno-pointer-sign -Wno-pointer-arith -Wno-format -Wno-cast-qual -Wno-void-pointer-to-enum-cast     -std=gnu17 -DLINUXKPI_VERSION=61200 -include /usr/src/sys/compat/linuxkpi/common/include/linux/compiler_types.h -I/tmp/drm-kmod/linuxkpi/gplv2/include -I/tmp/drm-kmod/linuxkpi/bsd/include -I/usr/src/sys/compat/linuxkpi/common/include -I/usr/src/sys/compat/linuxkpi/dummy/include -I/tmp/drm-kmod/include -I/tmp/drm-kmod/include/drm -I/tmp/drm-kmod/include/uapi -I/tmp/drm-kmod/drivers/gpu -I/tmp/drm-kmod/drivers/gpu/drm/vc4 '-DKBUILD_MODNAME="vc4_kms"' '-DLINUXKPI_PARAM_PREFIX=vc4_kms_' -DDRM_SYSCTL_PARAM_PREFIX=_vc4_kms -DCONFIG_DRM_AMDGPU_CIK -DCONFIG_DRM_AMDGPU_SI -DCONFIG_DRM_AMD_DC -DCONFIG_DRM_AMD_DC_SI -DCONFIG_DRM_AMD_ISP -DCONFIG_AMD_PMC -DCONFIG_DRM_CLIENT_SETUP -DCONFIG_DRM_EXEC -DCONFIG_DRM_GPUVM -DCONFIG_DRM_PANIC -DCONFIG_DRM_PANIC_FOREGROUND_COLOR="0xffffff" -DCONFIG_DRM_PANIC_BACKGROUND_COLOR="0x000000" -DCONFIG_DRM_PANIC_SCREEN="\"user\"" -DCONFIG_DRM_I915_FORCE_PROBE='"*"' -DCONFIG_DRM_I915_REQUEST_TIMEOUT=20000 -DCONFIG_DRM_I915_CAPTURE_ERROR -DCONFIG_DRM_I915_USERFAULT_AUTOSUSPEND=250 -DCONFIG_DRM_I915_STOP_TIMEOUT=100 -DCONFIG_DRM_I915_PREEMPT_TIMEOUT=640 -DCONFIG_DRM_I915_PREEMPT_TIMEOUT_COMPUTE=7500 -DCONFIG_DRM_I915_HEARTBEAT_INTERVAL=2500 -DCONFIG_DRM_I915_TIMESLICE_DURATION=1 -DCONFIG_DRM_I915_MAX_REQUEST_BUSYWAIT=8000 -DCONFIG_DRM_I915_FENCE_TIMEOUT=10000 -DCONFIG_DRM_MIPI_DSI -DCONFIG_DRM_PANEL_ORIENTATION_QUIRKS -DCONFIG_DRM_DISPLAY_DP_TUNNEL -DCONFIG_DRM_I915_DP_TUNNEL -DCONFIG_APERTURE_HELPERS -DCONFIG_DRM_FBDEV_EMULATION -DCONFIG_DRM_FBDEV_OVERALLOC=100 -DCONFIG_ARCH_HAVE_NMI_SAFE_CMPXCHG -DCONFIG_BACKLIGHT_CLASS_DEVICE -DCONFIG_DEBUG_FS -DCONFIG_DMI -DCONFIG_FB -DCONFIG_MTRR -DCONFIG_PCI -DCONFIG_PM -DCONFIG_PM_SLEEP -DCONFIG_PROC_FS -DCONFIG_SMP -DCONFIG_SUSPEND -DCONFIG_VIDEO_CMDLINE -DCONFIG_64BIT -DCONFIG_ACPI -DCONFIG_ARM64 -DCONFIG_RASPBERRYPI_FIRMWARE=1 -DCONFIG_MMU=1 -include /tmp/drm-kmod/include/kunit/test-bug.h -ferror-limit=0 -c /tmp/drm-kmod/drivers/gpu/drm/vc4/vc4_bo.c -o vc4_bo.o
In file included from <built-in>:3:
/tmp/drm-kmod/include/kunit/test-bug.h:30:10: error: use of undeclared identifier 'NULL'
   30 |         return (NULL);
      |                 ^
--- vc4_hdmi.o ---
/tmp/drm-kmod/drivers/gpu/drm/vc4/vc4_hdmi.c:57:10: fatal error: 'sound/pcm_params.h' file not found
   57 | #include <sound/pcm_params.h>
      |          ^~~~~~~~~~~~~~~~~~~~
--- vc4_plane.o ---
/tmp/drm-kmod/drivers/gpu/drm/vc4/vc4_plane.c:298:10: error: use of undeclared identifier 'DRM_FORMAT_S010'
  298 |                 .drm = DRM_FORMAT_S010,
      |                        ^
/tmp/drm-kmod/drivers/gpu/drm/vc4/vc4_plane.c:304:10: error: use of undeclared identifier 'DRM_FORMAT_S012'
  304 |                 .drm = DRM_FORMAT_S012,
      |                        ^
/tmp/drm-kmod/drivers/gpu/drm/vc4/vc4_plane.c:310:10: error: use of undeclared identifier 'DRM_FORMAT_S016'
  310 |                 .drm = DRM_FORMAT_S016,
      |                        ^
/tmp/drm-kmod/drivers/gpu/drm/vc4/vc4_plane.c:321:18: error: invalid application of 'sizeof' to an incomplete type 'const struct hvs_format[]'
  321 |         for (i = 0; i < ARRAY_SIZE(hvs_formats); i++) {
      |                         ^~~~~~~~~~~~~~~~~~~~~~~
/usr/src/sys/compat/linuxkpi/common/include/linux/array_size.h:15:30: note: expanded from macro 'ARRAY_SIZE'
   15 | #define ARRAY_SIZE(x)   (sizeof(x) / sizeof((x)[0]))
      |                                ^~~
/tmp/drm-kmod/drivers/gpu/drm/vc4/vc4_plane.c:906:14: error: requested alignment is not a power of 2
  906 |                         stride = (ALIGN(state->fb->width, 96) * 4) / 3;
      |                                   ^
/usr/src/sys/compat/linuxkpi/common/include/linux/kernel.h:127:36: note: expanded from macro 'ALIGN'
  127 | #define ALIGN(x, y)             roundup2((x), (y))
      |                                               ^
/tmp/drm-kmod/drivers/gpu/drm/vc4/vc4_plane.c:941:17: error: no member named 'chroma_siting_h' in 'struct drm_plane_state'
  941 |                               state->chroma_siting_h,
      |                               ~~~~~  ^
/tmp/drm-kmod/drivers/gpu/drm/vc4/vc4_plane.c:949:17: error: no member named 'chroma_siting_v' in 'struct drm_plane_state'
  949 |                               state->chroma_siting_v,
      |                               ~~~~~  ^
--- vc4_hdmi.o ---
2 errors generated.
--- vc4_hdmi_phy.o ---
In file included from /tmp/drm-kmod/drivers/gpu/drm/vc4/vc4_hdmi_phy.c:9:
/tmp/drm-kmod/drivers/gpu/drm/vc4/vc4_hdmi.h:109:36: error: field has incomplete type 'struct snd_soc_dai_link_component'
  109 |         struct snd_soc_dai_link_component cpu;
      |                                           ^
/tmp/drm-kmod/drivers/gpu/drm/vc4/vc4_hdmi.h:109:9: note: forward declaration of 'struct snd_soc_dai_link_component'
--- vc4_hdmi.o ---
*** [vc4_hdmi.o] Error code 1

make[2]: stopped making "all" in /tmp/drm-kmod/vc4_kms
--- vc4_hdmi_phy.o ---
  109 |         struct snd_soc_dai_link_component cpu;
      |                ^
/tmp/drm-kmod/drivers/gpu/drm/vc4/vc4_hdmi.h:110:36: error: field has incomplete type 'struct snd_soc_dai_link_component'
  110 |         struct snd_soc_dai_link_component codec;
      |                                           ^
/tmp/drm-kmod/drivers/gpu/drm/vc4/vc4_hdmi.h:109:9: note: forward declaration of 'struct snd_soc_dai_link_component'
  109 |         struct snd_soc_dai_link_component cpu;
      |                ^
/tmp/drm-kmod/drivers/gpu/drm/vc4/vc4_hdmi.h:111:36: error: field has incomplete type 'struct snd_soc_dai_link_component'
  111 |         struct snd_soc_dai_link_component platform;
      |                                           ^
/tmp/drm-kmod/drivers/gpu/drm/vc4/vc4_hdmi.h:109:9: note: forward declaration of 'struct snd_soc_dai_link_component'
  109 |         struct snd_soc_dai_link_component cpu;
      |                ^
--- vc4_gem.o ---
--- vc4_hdmi_phy.o ---
/tmp/drm-kmod/drivers/gpu/drm/vc4/vc4_hdmi.h:158:17: error: field has incomplete type 'struct cec_msg'
  158 |         struct cec_msg cec_rx_msg;
      |                        ^
/tmp/drm-kmod/drivers/gpu/drm/vc4/vc4_hdmi.h:158:9: note: forward declaration of 'struct cec_msg'
  158 |         struct cec_msg cec_rx_msg;
      |                ^
/tmp/drm-kmod/drivers/gpu/drm/vc4/vc4_hdmi.h:246:22: error: field has incomplete type 'struct snd_soc_jack'
  246 |         struct snd_soc_jack hdmi_jack;
      |                             ^
/tmp/drm-kmod/include/sound/soc.h:27:8: note: forward declaration of 'struct snd_soc_jack'
   27 | struct snd_soc_jack;
      |        ^
--- vc4_gem.o ---
/usr/lib/llvm-19/bin/clang -target aarch64-unknown-freebsd15.1 --sysroot=/usr/obj/usr/src/arm64.aarch64/tmp -B/usr/obj/usr/src/arm64.aarch64/tmp/usr/bin  -O2 -pipe -fno-common  -fno-strict-aliasing -Werror -D_KERNEL -DKLD_MODULE -nostdinc   -include /tmp/drm-kmod/vc4_kms/opt_global.h -I. -I/usr/src/sys -I/usr/src/sys/contrib/ck/include -fno-common  -fno-omit-frame-pointer -mno-omit-leaf-frame-pointer -fPIC -ffile-prefix-map=/usr/src/sys=/usr/src/sys -ffile-prefix-map=/tmp/drm-kmod/vc4_kms=/usr/obj/usr/src/arm64.aarch64/sys/modules/vc4_kms -ffile-prefix-map=/usr/obj/usr/src/arm64.aarch64/tmp=/sysroot -fdebug-prefix-map=./machine=/usr/src/sys/arm64/include    -MD  -MF.depend.vc4_gem.o -MTvc4_gem.o -mgeneral-regs-only -ffixed-x18 -mbranch-protection=standard -mno-outline-atomics -ffreestanding -fwrapv -fstack-protector  -Wall -Wstrict-prototypes -Wmissing-prototypes -Wpointer-arith -Wcast-qual -Wundef -Wno-pointer-sign -D__printf__=__freebsd_kprintf__ -Wmissing-include-dirs -fdiagnostics-show-option -Wno-unknown-pragmas -Wswitch -Wno-error=tautological-compare -Wno-error=empty-body -Wno-error=parentheses-equality -Wno-error=unused-function -Wno-error=pointer-sign -Wno-error=shift-negative-value -Wno-address-of-packed-member -Wno-format-zero-length -Wno-pointer-sign -Wno-pointer-arith -Wno-format -Wno-cast-qual -Wno-void-pointer-to-enum-cast     -std=gnu17 -DLINUXKPI_VERSION=61200 -include /usr/src/sys/compat/linuxkpi/common/include/linux/compiler_types.h -I/tmp/drm-kmod/linuxkpi/gplv2/include -I/tmp/drm-kmod/linuxkpi/bsd/include -I/usr/src/sys/compat/linuxkpi/common/include -I/usr/src/sys/compat/linuxkpi/dummy/include -I/tmp/drm-kmod/include -I/tmp/drm-kmod/include/drm -I/tmp/drm-kmod/include/uapi -I/tmp/drm-kmod/drivers/gpu -I/tmp/drm-kmod/drivers/gpu/drm/vc4 '-DKBUILD_MODNAME="vc4_kms"' '-DLINUXKPI_PARAM_PREFIX=vc4_kms_' -DDRM_SYSCTL_PARAM_PREFIX=_vc4_kms -DCONFIG_DRM_AMDGPU_CIK -DCONFIG_DRM_AMDGPU_SI -DCONFIG_DRM_AMD_DC -DCONFIG_DRM_AMD_DC_SI -DCONFIG_DRM_AMD_ISP -DCONFIG_AMD_PMC -DCONFIG_DRM_CLIENT_SETUP -DCONFIG_DRM_EXEC -DCONFIG_DRM_GPUVM -DCONFIG_DRM_PANIC -DCONFIG_DRM_PANIC_FOREGROUND_COLOR="0xffffff" -DCONFIG_DRM_PANIC_BACKGROUND_COLOR="0x000000" -DCONFIG_DRM_PANIC_SCREEN="\"user\"" -DCONFIG_DRM_I915_FORCE_PROBE='"*"' -DCONFIG_DRM_I915_REQUEST_TIMEOUT=20000 -DCONFIG_DRM_I915_CAPTURE_ERROR -DCONFIG_DRM_I915_USERFAULT_AUTOSUSPEND=250 -DCONFIG_DRM_I915_STOP_TIMEOUT=100 -DCONFIG_DRM_I915_PREEMPT_TIMEOUT=640 -DCONFIG_DRM_I915_PREEMPT_TIMEOUT_COMPUTE=7500 -DCONFIG_DRM_I915_HEARTBEAT_INTERVAL=2500 -DCONFIG_DRM_I915_TIMESLICE_DURATION=1 -DCONFIG_DRM_I915_MAX_REQUEST_BUSYWAIT=8000 -DCONFIG_DRM_I915_FENCE_TIMEOUT=10000 -DCONFIG_DRM_MIPI_DSI -DCONFIG_DRM_PANEL_ORIENTATION_QUIRKS -DCONFIG_DRM_DISPLAY_DP_TUNNEL -DCONFIG_DRM_I915_DP_TUNNEL -DCONFIG_APERTURE_HELPERS -DCONFIG_DRM_FBDEV_EMULATION -DCONFIG_DRM_FBDEV_OVERALLOC=100 -DCONFIG_ARCH_HAVE_NMI_SAFE_CMPXCHG -DCONFIG_BACKLIGHT_CLASS_DEVICE -DCONFIG_DEBUG_FS -DCONFIG_DMI -DCONFIG_FB -DCONFIG_MTRR -DCONFIG_PCI -DCONFIG_PM -DCONFIG_PM_SLEEP -DCONFIG_PROC_FS -DCONFIG_SMP -DCONFIG_SUSPEND -DCONFIG_VIDEO_CMDLINE -DCONFIG_64BIT -DCONFIG_ACPI -DCONFIG_ARM64 -DCONFIG_RASPBERRYPI_FIRMWARE=1 -DCONFIG_MMU=1 -include /tmp/drm-kmod/include/kunit/test-bug.h -ferror-limit=0 -c /tmp/drm-kmod/drivers/gpu/drm/vc4/vc4_gem.c -o vc4_gem.o
--- vc4_plane.o ---
/tmp/drm-kmod/drivers/gpu/drm/vc4/vc4_plane.c:2717:7: error: use of undeclared identifier 'DRM_FORMAT_S010'
 2717 |         case DRM_FORMAT_S010:
      |              ^
/tmp/drm-kmod/drivers/gpu/drm/vc4/vc4_plane.c:2718:7: error: use of undeclared identifier 'DRM_FORMAT_S012'
 2718 |         case DRM_FORMAT_S012:
      |              ^
--- vc4_gem.o ---
In file included from <built-in>:3:
/tmp/drm-kmod/include/kunit/test-bug.h:30:10: error: use of undeclared identifier 'NULL'
   30 |         return (NULL);
      |                 ^
--- vc4_plane.o ---
/tmp/drm-kmod/drivers/gpu/drm/vc4/vc4_plane.c:2719:7: error: use of undeclared identifier 'DRM_FORMAT_S016'
 2719 |         case DRM_FORMAT_S016:
      |              ^
/tmp/drm-kmod/drivers/gpu/drm/vc4/vc4_plane.c:2741:14: error: invalid application of 'sizeof' to an incomplete type 'const struct hvs_format[]'
 2741 |         u32 formats[ARRAY_SIZE(hvs_formats)];
      |                     ^~~~~~~~~~~~~~~~~~~~~~~
/usr/src/sys/compat/linuxkpi/common/include/linux/array_size.h:15:30: note: expanded from macro 'ARRAY_SIZE'
   15 | #define ARRAY_SIZE(x)   (sizeof(x) / sizeof((x)[0]))
      |                                ^~~
/tmp/drm-kmod/drivers/gpu/drm/vc4/vc4_plane.c:2753:18: error: invalid application of 'sizeof' to an incomplete type 'const struct hvs_format[]'
 2753 |         for (i = 0; i < ARRAY_SIZE(hvs_formats); i++) {
      |                         ^~~~~~~~~~~~~~~~~~~~~~~
/usr/src/sys/compat/linuxkpi/common/include/linux/array_size.h:15:30: note: expanded from macro 'ARRAY_SIZE'
   15 | #define ARRAY_SIZE(x)   (sizeof(x) / sizeof((x)[0]))
      |                                ^~~
--- vc4_hdmi_phy.o ---
In file included from /tmp/drm-kmod/drivers/gpu/drm/vc4/vc4_hdmi_phy.c:11:
/tmp/drm-kmod/drivers/gpu/drm/vc4/vc4_hdmi_regs.h:674:10: error: call to undeclared function 'pm_runtime_status_suspended'; ISO C99 and later do not support implicit function declarations [-Wimplicit-function-declaration]
  674 |         WARN_ON(pm_runtime_status_suspended(&hdmi->pdev->dev));
      |                 ^
/tmp/drm-kmod/drivers/gpu/drm/vc4/vc4_hdmi_regs.h:674:10: note: did you mean 'pm_runtime_suspended'?
/usr/src/sys/compat/linuxkpi/common/include/linux/pm_runtime.h:49:1: note: 'pm_runtime_suspended' declared here
   49 | pm_runtime_suspended(struct device *dev)
      | ^
In file included from /tmp/drm-kmod/drivers/gpu/drm/vc4/vc4_hdmi_phy.c:11:
/tmp/drm-kmod/drivers/gpu/drm/vc4/vc4_hdmi_regs.h:674:49: error: incomplete definition of type 'struct platform_device'
  674 |         WARN_ON(pm_runtime_status_suspended(&hdmi->pdev->dev));
      |                                              ~~~~~~~~~~^
/usr/src/sys/compat/linuxkpi/common/include/linux/kernel.h:99:16: note: expanded from macro 'WARN_ON'
   99 |         bool __ret = (cond);                                    \
      |                       ^~~~
/tmp/drm-kmod/drivers/gpu/drm/vc4/vc4_drv.h:319:9: note: forward declaration of 'struct platform_device'
  319 |         struct platform_device *pdev;
      |                ^
In file included from /tmp/drm-kmod/drivers/gpu/drm/vc4/vc4_hdmi_phy.c:11:
/tmp/drm-kmod/drivers/gpu/drm/vc4/vc4_hdmi_regs.h:679:23: error: incomplete definition of type 'struct platform_device'
  679 |                 dev_warn(&hdmi->pdev->dev,
      |                           ~~~~~~~~~~^
/usr/src/sys/compat/linuxkpi/common/include/linux/device.h:217:49: note: expanded from macro 'dev_warn'
  217 | #define dev_warn(dev, fmt, ...)         device_printf((dev)->bsddev, fmt, ##__VA_ARGS__)
      |                                                        ^~~
/tmp/drm-kmod/drivers/gpu/drm/vc4/vc4_drv.h:319:9: note: forward declaration of 'struct platform_device'
  319 |         struct platform_device *pdev;
      |                ^
In file included from /tmp/drm-kmod/drivers/gpu/drm/vc4/vc4_hdmi_phy.c:11:
/tmp/drm-kmod/drivers/gpu/drm/vc4/vc4_hdmi_regs.h:687:23: error: incomplete definition of type 'struct platform_device'
  687 |                 dev_warn(&hdmi->pdev->dev,
      |                           ~~~~~~~~~~^
/usr/src/sys/compat/linuxkpi/common/include/linux/device.h:217:49: note: expanded from macro 'dev_warn'
  217 | #define dev_warn(dev, fmt, ...)         device_printf((dev)->bsddev, fmt, ##__VA_ARGS__)
      |                                                        ^~~
/tmp/drm-kmod/drivers/gpu/drm/vc4/vc4_drv.h:319:9: note: forward declaration of 'struct platform_device'
  319 |         struct platform_device *pdev;
      |                ^
In file included from /tmp/drm-kmod/drivers/gpu/drm/vc4/vc4_hdmi_phy.c:11:
/tmp/drm-kmod/drivers/gpu/drm/vc4/vc4_hdmi_regs.h:706:10: error: call to undeclared function 'pm_runtime_status_suspended'; ISO C99 and later do not support implicit function declarations [-Wimplicit-function-declaration]
  706 |         WARN_ON(pm_runtime_status_suspended(&hdmi->pdev->dev));
      |                 ^
/tmp/drm-kmod/drivers/gpu/drm/vc4/vc4_hdmi_regs.h:706:49: error: incomplete definition of type 'struct platform_device'
  706 |         WARN_ON(pm_runtime_status_suspended(&hdmi->pdev->dev));
      |                                              ~~~~~~~~~~^
/usr/src/sys/compat/linuxkpi/common/include/linux/kernel.h:99:16: note: expanded from macro 'WARN_ON'
   99 |         bool __ret = (cond);                                    \
      |                       ^~~~
/tmp/drm-kmod/drivers/gpu/drm/vc4/vc4_drv.h:319:9: note: forward declaration of 'struct platform_device'
  319 |         struct platform_device *pdev;
      |                ^
In file included from /tmp/drm-kmod/drivers/gpu/drm/vc4/vc4_hdmi_phy.c:11:
/tmp/drm-kmod/drivers/gpu/drm/vc4/vc4_hdmi_regs.h:711:23: error: incomplete definition of type 'struct platform_device'
  711 |                 dev_warn(&hdmi->pdev->dev,
      |                           ~~~~~~~~~~^
/usr/src/sys/compat/linuxkpi/common/include/linux/device.h:217:49: note: expanded from macro 'dev_warn'
  217 | #define dev_warn(dev, fmt, ...)         device_printf((dev)->bsddev, fmt, ##__VA_ARGS__)
      |                                                        ^~~
/tmp/drm-kmod/drivers/gpu/drm/vc4/vc4_drv.h:319:9: note: forward declaration of 'struct platform_device'
  319 |         struct platform_device *pdev;
      |                ^
In file included from /tmp/drm-kmod/drivers/gpu/drm/vc4/vc4_hdmi_phy.c:11:
/tmp/drm-kmod/drivers/gpu/drm/vc4/vc4_hdmi_regs.h:719:23: error: incomplete definition of type 'struct platform_device'
  719 |                 dev_warn(&hdmi->pdev->dev,
      |                           ~~~~~~~~~~^
/usr/src/sys/compat/linuxkpi/common/include/linux/device.h:217:49: note: expanded from macro 'dev_warn'
  217 | #define dev_warn(dev, fmt, ...)         device_printf((dev)->bsddev, fmt, ##__VA_ARGS__)
      |                                                        ^~~
/tmp/drm-kmod/drivers/gpu/drm/vc4/vc4_drv.h:319:9: note: forward declaration of 'struct platform_device'
  319 |         struct platform_device *pdev;
      |                ^
--- vc4_plane.o ---
/tmp/drm-kmod/drivers/gpu/drm/vc4/vc4_plane.c:2801:2: error: call to undeclared function 'drm_plane_create_chroma_siting_properties'; ISO C99 and later do not support implicit function declarations [-Wimplicit-function-declaration]
 2801 |         drm_plane_create_chroma_siting_properties(plane, 0, 0);
      |         ^
14 errors generated.
*** [vc4_plane.o] Error code 1

make[2]: stopped making "all" in /tmp/drm-kmod/vc4_kms
--- vc4_fence.o ---
/usr/lib/llvm-19/bin/clang -target aarch64-unknown-freebsd15.1 --sysroot=/usr/obj/usr/src/arm64.aarch64/tmp -B/usr/obj/usr/src/arm64.aarch64/tmp/usr/bin  -O2 -pipe -fno-common  -fno-strict-aliasing -Werror -D_KERNEL -DKLD_MODULE -nostdinc   -include /tmp/drm-kmod/vc4_kms/opt_global.h -I. -I/usr/src/sys -I/usr/src/sys/contrib/ck/include -fno-common  -fno-omit-frame-pointer -mno-omit-leaf-frame-pointer -fPIC -ffile-prefix-map=/usr/src/sys=/usr/src/sys -ffile-prefix-map=/tmp/drm-kmod/vc4_kms=/usr/obj/usr/src/arm64.aarch64/sys/modules/vc4_kms -ffile-prefix-map=/usr/obj/usr/src/arm64.aarch64/tmp=/sysroot -fdebug-prefix-map=./machine=/usr/src/sys/arm64/include    -MD  -MF.depend.vc4_fence.o -MTvc4_fence.o -mgeneral-regs-only -ffixed-x18 -mbranch-protection=standard -mno-outline-atomics -ffreestanding -fwrapv -fstack-protector  -Wall -Wstrict-prototypes -Wmissing-prototypes -Wpointer-arith -Wcast-qual -Wundef -Wno-pointer-sign -D__printf__=__freebsd_kprintf__ -Wmissing-include-dirs -fdiagnostics-show-option -Wno-unknown-pragmas -Wswitch -Wno-error=tautological-compare -Wno-error=empty-body -Wno-error=parentheses-equality -Wno-error=unused-function -Wno-error=pointer-sign -Wno-error=shift-negative-value -Wno-address-of-packed-member -Wno-format-zero-length -Wno-pointer-sign -Wno-pointer-arith -Wno-format -Wno-cast-qual -Wno-void-pointer-to-enum-cast     -std=gnu17 -DLINUXKPI_VERSION=61200 -include /usr/src/sys/compat/linuxkpi/common/include/linux/compiler_types.h -I/tmp/drm-kmod/linuxkpi/gplv2/include -I/tmp/drm-kmod/linuxkpi/bsd/include -I/usr/src/sys/compat/linuxkpi/common/include -I/usr/src/sys/compat/linuxkpi/dummy/include -I/tmp/drm-kmod/include -I/tmp/drm-kmod/include/drm -I/tmp/drm-kmod/include/uapi -I/tmp/drm-kmod/drivers/gpu -I/tmp/drm-kmod/drivers/gpu/drm/vc4 '-DKBUILD_MODNAME="vc4_kms"' '-DLINUXKPI_PARAM_PREFIX=vc4_kms_' -DDRM_SYSCTL_PARAM_PREFIX=_vc4_kms -DCONFIG_DRM_AMDGPU_CIK -DCONFIG_DRM_AMDGPU_SI -DCONFIG_DRM_AMD_DC -DCONFIG_DRM_AMD_DC_SI -DCONFIG_DRM_AMD_ISP -DCONFIG_AMD_PMC -DCONFIG_DRM_CLIENT_SETUP -DCONFIG_DRM_EXEC -DCONFIG_DRM_GPUVM -DCONFIG_DRM_PANIC -DCONFIG_DRM_PANIC_FOREGROUND_COLOR="0xffffff" -DCONFIG_DRM_PANIC_BACKGROUND_COLOR="0x000000" -DCONFIG_DRM_PANIC_SCREEN="\"user\"" -DCONFIG_DRM_I915_FORCE_PROBE='"*"' -DCONFIG_DRM_I915_REQUEST_TIMEOUT=20000 -DCONFIG_DRM_I915_CAPTURE_ERROR -DCONFIG_DRM_I915_USERFAULT_AUTOSUSPEND=250 -DCONFIG_DRM_I915_STOP_TIMEOUT=100 -DCONFIG_DRM_I915_PREEMPT_TIMEOUT=640 -DCONFIG_DRM_I915_PREEMPT_TIMEOUT_COMPUTE=7500 -DCONFIG_DRM_I915_HEARTBEAT_INTERVAL=2500 -DCONFIG_DRM_I915_TIMESLICE_DURATION=1 -DCONFIG_DRM_I915_MAX_REQUEST_BUSYWAIT=8000 -DCONFIG_DRM_I915_FENCE_TIMEOUT=10000 -DCONFIG_DRM_MIPI_DSI -DCONFIG_DRM_PANEL_ORIENTATION_QUIRKS -DCONFIG_DRM_DISPLAY_DP_TUNNEL -DCONFIG_DRM_I915_DP_TUNNEL -DCONFIG_APERTURE_HELPERS -DCONFIG_DRM_FBDEV_EMULATION -DCONFIG_DRM_FBDEV_OVERALLOC=100 -DCONFIG_ARCH_HAVE_NMI_SAFE_CMPXCHG -DCONFIG_BACKLIGHT_CLASS_DEVICE -DCONFIG_DEBUG_FS -DCONFIG_DMI -DCONFIG_FB -DCONFIG_MTRR -DCONFIG_PCI -DCONFIG_PM -DCONFIG_PM_SLEEP -DCONFIG_PROC_FS -DCONFIG_SMP -DCONFIG_SUSPEND -DCONFIG_VIDEO_CMDLINE -DCONFIG_64BIT -DCONFIG_ACPI -DCONFIG_ARM64 -DCONFIG_RASPBERRYPI_FIRMWARE=1 -DCONFIG_MMU=1 -include /tmp/drm-kmod/include/kunit/test-bug.h -ferror-limit=0 -c /tmp/drm-kmod/drivers/gpu/drm/vc4/vc4_fence.c -o vc4_fence.o
In file included from <built-in>:3:
--- vc4_hdmi_phy.o ---
14 errors generated.
--- vc4_fence.o ---
/tmp/drm-kmod/include/kunit/test-bug.h:30:10: error: use of undeclared identifier 'NULL'
   30 |         return (NULL);
      |                 ^
--- vc4_hdmi_phy.o ---
*** [vc4_hdmi_phy.o] Error code 1

make[2]: stopped making "all" in /tmp/drm-kmod/vc4_kms
--- vc4_bo.o ---
/tmp/drm-kmod/drivers/gpu/drm/vc4/vc4_bo.c:305:42: error: no member named 'anon_inode' in 'struct drm_device'
  305 |         drm_vma_node_unmap(&obj->vma_node, dev->anon_inode->i_mapping);
      |                                            ~~~  ^
/tmp/drm-kmod/drivers/gpu/drm/vc4/vc4_bo.c:670:6: error: call to undeclared function 'refcount_dec_not_one'; ISO C99 and later do not support implicit function declarations [-Wimplicit-function-declaration]
  670 |         if (refcount_dec_not_one(&bo->usecnt))
      |             ^
/tmp/drm-kmod/drivers/gpu/drm/vc4/vc4_bo.c:670:6: note: did you mean 'refcount_inc_not_zero'?
/usr/src/sys/compat/linuxkpi/common/include/linux/refcount.h:50:1: note: 'refcount_inc_not_zero' declared here
   50 | refcount_inc_not_zero(refcount_t *ref)
      | ^
/tmp/drm-kmod/drivers/gpu/drm/vc4/vc4_bo.c:1034:8: error: call to undeclared function 'drmm_mutex_init'; ISO C99 and later do not support implicit function declarations [-Wimplicit-function-declaration]
 1034 |         ret = drmm_mutex_init(dev, &vc4->bo_lock);
      |               ^
4 errors generated.
*** [vc4_bo.o] Error code 1

make[2]: stopped making "all" in /tmp/drm-kmod/vc4_kms
--- vc4_fence.o ---
1 error generated.
*** [vc4_fence.o] Error code 1

make[2]: stopped making "all" in /tmp/drm-kmod/vc4_kms
--- vc4_gem.o ---
/tmp/drm-kmod/drivers/gpu/drm/vc4/vc4_gem.c:303:3: error: call to undeclared function 'pm_runtime_put_sync_suspend'; ISO C99 and later do not support implicit function declarations [-Wimplicit-function-declaration]
  303 |                 pm_runtime_put_sync_suspend(&vc4->v3d->pdev->dev);
      |                 ^
/tmp/drm-kmod/drivers/gpu/drm/vc4/vc4_gem.c:991:66: error: no member named 'entry' in 'struct work_struct'
  991 |         list_for_each_entry_safe(cb, cb_temp, &vc4->seqno_cb_list, work.entry) {
      |         ~~~~~~~~~~~~~~~~~~~~~~~~~~~~~~~~~~~~~~~~~~~~~~~~~~~~~~~~~~~~~~~~^~~~~~
/usr/src/sys/compat/linuxkpi/common/include/linux/list.h:196:45: note: expanded from macro 'list_for_each_entry_safe'
  196 |         for (p = list_entry((h)->next, typeof(*p), field),              \
      |                  ~~~~~~~~~~~~~~~~~~~~~~~~~~~~~~~~~~^~~~~~
/usr/src/sys/compat/linuxkpi/common/include/linux/list.h:165:62: note: expanded from macro 'list_entry'
  165 | #define list_entry(ptr, type, field)    container_of(ptr, type, field)
      |                                         ~~~~~~~~~~~~~~~~~~~~~~~~^~~~~~
/usr/src/sys/compat/linuxkpi/common/include/linux/container_of.h:40:30: note: expanded from macro 'container_of'
   40 |         const __typeof(((type *)0)->member) *__p = (ptr);       \
      |                        ~~~~~~~~~~~~~^~~~~~
/tmp/drm-kmod/drivers/gpu/drm/vc4/vc4_gem.c:991:2: error: no member named 'entry' in 'work_struct'
  991 |         list_for_each_entry_safe(cb, cb_temp, &vc4->seqno_cb_list, work.entry) {
      |         ^                                                              ~~~~~~
/usr/src/sys/compat/linuxkpi/common/include/linux/list.h:196:11: note: expanded from macro 'list_for_each_entry_safe'
  196 |         for (p = list_entry((h)->next, typeof(*p), field),              \
      |                  ^                                 ~~~~~
/usr/src/sys/compat/linuxkpi/common/include/linux/list.h:165:38: note: expanded from macro 'list_entry'
  165 | #define list_entry(ptr, type, field)    container_of(ptr, type, field)
      |                                         ^                       ~~~~~
/usr/src/sys/compat/linuxkpi/common/include/linux/container_of.h:41:28: note: expanded from macro 'container_of'
   41 |         (type *)((uintptr_t)__p - offsetof(type, member));      \
      |                                   ^              ~~~~~~
/usr/src/sys/sys/stddef.h:41:31: note: expanded from macro 'offsetof'
   41 | #define offsetof(type, field)   __offsetof(type, field)
      |                                 ^                ~~~~~
/usr/src/sys/sys/cdefs.h:352:34: note: expanded from macro '__offsetof'
  352 | #define __offsetof(type, field)  __builtin_offsetof(type, field)
      |                                  ^                        ~~~~~
/tmp/drm-kmod/drivers/gpu/drm/vc4/vc4_gem.c:991:2: error: assigning to 'struct vc4_seqno_cb *' from incompatible type 'void'
  991 |         list_for_each_entry_safe(cb, cb_temp, &vc4->seqno_cb_list, work.entry) {
      |         ^~~~~~~~~~~~~~~~~~~~~~~~~~~~~~~~~~~~~~~~~~~~~~~~~~~~~~~~~~~~~~~~~~~~~~
/usr/src/sys/compat/linuxkpi/common/include/linux/list.h:196:9: note: expanded from macro 'list_for_each_entry_safe'
  196 |         for (p = list_entry((h)->next, typeof(*p), field),              \
      |                ^ ~~~~~~~~~~~~~~~~~~~~~~~~~~~~~~~~~~~~~~~~
/tmp/drm-kmod/drivers/gpu/drm/vc4/vc4_gem.c:991:66: error: no member named 'entry' in 'struct work_struct'
  991 |         list_for_each_entry_safe(cb, cb_temp, &vc4->seqno_cb_list, work.entry) {
      |         ~~~~~~~~~~~~~~~~~~~~~~~~~~~~~~~~~~~~~~~~~~~~~~~~~~~~~~~~~~~~~~~~^~~~~~
/usr/src/sys/compat/linuxkpi/common/include/linux/list.h:197:50: note: expanded from macro 'list_for_each_entry_safe'
  197 |             n = list_entry((p)->field.next, typeof(*p), field); &(p)->field != (h);\
      |                 ~~~~~~~~~~~~~~~~~~~~~~~~~~~~~~~~~~~~~~~~^~~~~~
/usr/src/sys/compat/linuxkpi/common/include/linux/list.h:165:62: note: expanded from macro 'list_entry'
  165 | #define list_entry(ptr, type, field)    container_of(ptr, type, field)
      |                                         ~~~~~~~~~~~~~~~~~~~~~~~~^~~~~~
/usr/src/sys/compat/linuxkpi/common/include/linux/container_of.h:40:30: note: expanded from macro 'container_of'
   40 |         const __typeof(((type *)0)->member) *__p = (ptr);       \
      |                        ~~~~~~~~~~~~~^~~~~~
/tmp/drm-kmod/drivers/gpu/drm/vc4/vc4_gem.c:991:66: error: no member named 'entry' in 'struct work_struct'
  991 |         list_for_each_entry_safe(cb, cb_temp, &vc4->seqno_cb_list, work.entry) {
      |         ~~~~~~~~~~~~~~~~~~~~~~~~~~~~~~~~~~~~~~~~~~~~~~~~~~~~~~~~~~~~~~~~^~~~~~
/usr/src/sys/compat/linuxkpi/common/include/linux/list.h:197:26: note: expanded from macro 'list_for_each_entry_safe'
  197 |             n = list_entry((p)->field.next, typeof(*p), field); &(p)->field != (h);\
      |                 ~~~~~~~~~~~~~~~~^~~~~~~~~~~~~~~~~~~~~~~~~~~~~~
/usr/src/sys/compat/linuxkpi/common/include/linux/list.h:165:51: note: expanded from macro 'list_entry'
  165 | #define list_entry(ptr, type, field)    container_of(ptr, type, field)
      |                                         ~~~~~~~~~~~~~^~~~~~~~~~~~~~~~~
/usr/src/sys/compat/linuxkpi/common/include/linux/container_of.h:40:46: note: expanded from macro 'container_of'
   40 |         const __typeof(((type *)0)->member) *__p = (ptr);       \
      |                                                     ^~~
/tmp/drm-kmod/drivers/gpu/drm/vc4/vc4_gem.c:991:2: error: no member named 'entry' in 'work_struct'
  991 |         list_for_each_entry_safe(cb, cb_temp, &vc4->seqno_cb_list, work.entry) {
      |         ^                                                              ~~~~~~
/usr/src/sys/compat/linuxkpi/common/include/linux/list.h:197:10: note: expanded from macro 'list_for_each_entry_safe'
  197 |             n = list_entry((p)->field.next, typeof(*p), field); &(p)->field != (h);\
      |                 ^                                       ~~~~~
/usr/src/sys/compat/linuxkpi/common/include/linux/list.h:165:38: note: expanded from macro 'list_entry'
  165 | #define list_entry(ptr, type, field)    container_of(ptr, type, field)
      |                                         ^                       ~~~~~
/usr/src/sys/compat/linuxkpi/common/include/linux/container_of.h:41:28: note: expanded from macro 'container_of'
   41 |         (type *)((uintptr_t)__p - offsetof(type, member));      \
      |                                   ^              ~~~~~~
/usr/src/sys/sys/stddef.h:41:31: note: expanded from macro 'offsetof'
   41 | #define offsetof(type, field)   __offsetof(type, field)
      |                                 ^                ~~~~~
/usr/src/sys/sys/cdefs.h:352:34: note: expanded from macro '__offsetof'
  352 | #define __offsetof(type, field)  __builtin_offsetof(type, field)
      |                                  ^                        ~~~~~
/tmp/drm-kmod/drivers/gpu/drm/vc4/vc4_gem.c:991:2: error: assigning to 'struct vc4_seqno_cb *' from incompatible type 'void'
  991 |         list_for_each_entry_safe(cb, cb_temp, &vc4->seqno_cb_list, work.entry) {
      |         ^~~~~~~~~~~~~~~~~~~~~~~~~~~~~~~~~~~~~~~~~~~~~~~~~~~~~~~~~~~~~~~~~~~~~~
/usr/src/sys/compat/linuxkpi/common/include/linux/list.h:197:8: note: expanded from macro 'list_for_each_entry_safe'
  197 |             n = list_entry((p)->field.next, typeof(*p), field); &(p)->field != (h);\
      |               ^ ~~~~~~~~~~~~~~~~~~~~~~~~~~~~~~~~~~~~~~~~~~~~~~
/tmp/drm-kmod/drivers/gpu/drm/vc4/vc4_gem.c:991:66: error: no member named 'entry' in 'struct work_struct'
  991 |         list_for_each_entry_safe(cb, cb_temp, &vc4->seqno_cb_list, work.entry) {
      |         ~~~~~~~~~~~~~~~~~~~~~~~~~~~~~~~~~~~~~~~~~~~~~~~~~~~~~~~~~~~~~~~~^~~~~~
/usr/src/sys/compat/linuxkpi/common/include/linux/list.h:197:64: note: expanded from macro 'list_for_each_entry_safe'
  197 |             n = list_entry((p)->field.next, typeof(*p), field); &(p)->field != (h);\
      |                                                                  ~~~~~^~~~~
/tmp/drm-kmod/drivers/gpu/drm/vc4/vc4_gem.c:991:66: error: no member named 'entry' in 'struct work_struct'
  991 |         list_for_each_entry_safe(cb, cb_temp, &vc4->seqno_cb_list, work.entry) {
      |         ~~~~~~~~~~~~~~~~~~~~~~~~~~~~~~~~~~~~~~~~~~~~~~~~~~~~~~~~~~~~~~~~^~~~~~
/usr/src/sys/compat/linuxkpi/common/include/linux/list.h:198:55: note: expanded from macro 'list_for_each_entry_safe'
  198 |             p = n, n = list_entry(n->field.next, typeof(*n), field))
      |                        ~~~~~~~~~~~~~~~~~~~~~~~~~~~~~~~~~~~~~~^~~~~~
/usr/src/sys/compat/linuxkpi/common/include/linux/list.h:165:62: note: expanded from macro 'list_entry'
  165 | #define list_entry(ptr, type, field)    container_of(ptr, type, field)
      |                                         ~~~~~~~~~~~~~~~~~~~~~~~~^~~~~~
/usr/src/sys/compat/linuxkpi/common/include/linux/container_of.h:40:30: note: expanded from macro 'container_of'
   40 |         const __typeof(((type *)0)->member) *__p = (ptr);       \
      |                        ~~~~~~~~~~~~~^~~~~~
/tmp/drm-kmod/drivers/gpu/drm/vc4/vc4_gem.c:991:66: error: no member named 'entry' in 'struct work_struct'
  991 |         list_for_each_entry_safe(cb, cb_temp, &vc4->seqno_cb_list, work.entry) {
      |         ~~~~~~~~~~~~~~~~~~~~~~~~~~~~~~~~~~~~~~~~~~~~~~~~~~~~~~~~~~~~~~~~^~~~~~
/usr/src/sys/compat/linuxkpi/common/include/linux/list.h:198:31: note: expanded from macro 'list_for_each_entry_safe'
  198 |             p = n, n = list_entry(n->field.next, typeof(*n), field))
      |                        ~~~~~~~~~~~~~~^~~~~~~~~~~~~~~~~~~~~~~~~~~~~~
/usr/src/sys/compat/linuxkpi/common/include/linux/list.h:165:51: note: expanded from macro 'list_entry'
  165 | #define list_entry(ptr, type, field)    container_of(ptr, type, field)
      |                                         ~~~~~~~~~~~~~^~~~~~~~~~~~~~~~~
/usr/src/sys/compat/linuxkpi/common/include/linux/container_of.h:40:46: note: expanded from macro 'container_of'
   40 |         const __typeof(((type *)0)->member) *__p = (ptr);       \
      |                                                     ^~~
/tmp/drm-kmod/drivers/gpu/drm/vc4/vc4_gem.c:991:2: error: no member named 'entry' in 'work_struct'
  991 |         list_for_each_entry_safe(cb, cb_temp, &vc4->seqno_cb_list, work.entry) {
      |         ^                                                              ~~~~~~
/usr/src/sys/compat/linuxkpi/common/include/linux/list.h:198:17: note: expanded from macro 'list_for_each_entry_safe'
  198 |             p = n, n = list_entry(n->field.next, typeof(*n), field))
      |                        ^                                     ~~~~~
/usr/src/sys/compat/linuxkpi/common/include/linux/list.h:165:38: note: expanded from macro 'list_entry'
  165 | #define list_entry(ptr, type, field)    container_of(ptr, type, field)
      |                                         ^                       ~~~~~
/usr/src/sys/compat/linuxkpi/common/include/linux/container_of.h:41:28: note: expanded from macro 'container_of'
   41 |         (type *)((uintptr_t)__p - offsetof(type, member));      \
      |                                   ^              ~~~~~~
/usr/src/sys/sys/stddef.h:41:31: note: expanded from macro 'offsetof'
   41 | #define offsetof(type, field)   __offsetof(type, field)
      |                                 ^                ~~~~~
/usr/src/sys/sys/cdefs.h:352:34: note: expanded from macro '__offsetof'
  352 | #define __offsetof(type, field)  __builtin_offsetof(type, field)
      |                                  ^                        ~~~~~
/tmp/drm-kmod/drivers/gpu/drm/vc4/vc4_gem.c:991:2: error: assigning to 'struct vc4_seqno_cb *' from incompatible type 'void'
  991 |         list_for_each_entry_safe(cb, cb_temp, &vc4->seqno_cb_list, work.entry) {
      |         ^~~~~~~~~~~~~~~~~~~~~~~~~~~~~~~~~~~~~~~~~~~~~~~~~~~~~~~~~~~~~~~~~~~~~~
/usr/src/sys/compat/linuxkpi/common/include/linux/list.h:198:15: note: expanded from macro 'list_for_each_entry_safe'
  198 |             p = n, n = list_entry(n->field.next, typeof(*n), field))
      |                      ^ ~~~~~~~~~~~~~~~~~~~~~~~~~~~~~~~~~~~~~~~~~~~~
/tmp/drm-kmod/drivers/gpu/drm/vc4/vc4_gem.c:993:28: error: no member named 'entry' in 'struct work_struct'
  993 |                         list_del_init(&cb->work.entry);
      |                                        ~~~~~~~~ ^
/tmp/drm-kmod/drivers/gpu/drm/vc4/vc4_gem.c:1024:27: error: no member named 'entry' in 'struct work_struct'
 1024 |                 list_add_tail(&cb->work.entry, &vc4->seqno_cb_list);
      |                                ~~~~~~~~ ^
/tmp/drm-kmod/drivers/gpu/drm/vc4/vc4_gem.c:1197:8: error: call to undeclared function 'dma_fence_match_context'; ISO C99 and later do not support implicit function declarations [-Wimplicit-function-declaration]
 1197 |                 if (!dma_fence_match_context(in_fence,
      |                      ^
/tmp/drm-kmod/drivers/gpu/drm/vc4/vc4_gem.c:1289:8: error: call to undeclared function 'drmm_mutex_init'; ISO C99 and later do not support implicit function declarations [-Wimplicit-function-declaration]
 1289 |         ret = drmm_mutex_init(dev, &vc4->power_lock);
      |               ^
18 errors generated.
*** [vc4_gem.o] Error code 1

make[2]: stopped making "all" in /tmp/drm-kmod/vc4_kms
*** Error code 1

Stop.
bmake[1]: stopped making "buildenv" in /usr/src
*** Error code 1

Stop.
bmake: stopped making "buildenv" in /usr/src
